<?xml version="1.0"?>
<link_info>
   <banner>MSP430 Linker PC v4.4.3</banner>
   <copyright>Copyright (c) 2003-2015 Texas Instruments Incorporated</copyright>
   <link_time>0x5606b18d</link_time>
   <link_errors>0x0</link_errors>
   <output_file>SpexHABLogger.out</output_file>
   <entry_point>
      <name>_c_int00_noargs_noexit</name>
      <address>0x48f6</address>
   </entry_point>
   <input_file_list>
      <input_file id="fl-2">
         <path>.\</path>
         <kind>object</kind>
         <file>SWI2C.obj</file>
         <name>SWI2C.obj</name>
      </input_file>
      <input_file id="fl-3">
         <path>.\</path>
         <kind>object</kind>
         <file>TII2C.obj</file>
         <name>TII2C.obj</name>
      </input_file>
      <input_file id="fl-4">
         <path>.\</path>
         <kind>object</kind>
         <file>accel.obj</file>
         <name>accel.obj</name>
      </input_file>
      <input_file id="fl-5">
         <path>.\</path>
         <kind>object</kind>
         <file>bmpLib.obj</file>
         <name>bmpLib.obj</name>
      </input_file>
      <input_file id="fl-6">
         <path>.\</path>
         <kind>object</kind>
         <file>cw.obj</file>
         <name>cw.obj</name>
      </input_file>
      <input_file id="fl-7">
         <path>.\</path>
         <kind>object</kind>
         <file>dsLib.obj</file>
         <name>dsLib.obj</name>
      </input_file>
      <input_file id="fl-8">
         <path>.\</path>
         <kind>object</kind>
         <file>gps.obj</file>
         <name>gps.obj</name>
      </input_file>
      <input_file id="fl-9">
         <path>.\</path>
         <kind>object</kind>
         <file>main.obj</file>
         <name>main.obj</name>
      </input_file>
      <input_file id="fl-a">
         <path>.\</path>
         <kind>object</kind>
         <file>queue.obj</file>
         <name>queue.obj</name>
      </input_file>
      <input_file id="fl-b">
         <path>.\</path>
         <kind>object</kind>
         <file>sd.obj</file>
         <name>sd.obj</name>
      </input_file>
      <input_file id="fl-c">
         <path>.\</path>
         <kind>object</kind>
         <file>uart.obj</file>
         <name>uart.obj</name>
      </input_file>
      <input_file id="fl-d">
         <path>.\FatFS\</path>
         <kind>object</kind>
         <file>diskio.obj</file>
         <name>diskio.obj</name>
      </input_file>
      <input_file id="fl-e">
         <path>.\FatFS\</path>
         <kind>object</kind>
         <file>ff.obj</file>
         <name>ff.obj</name>
      </input_file>
      <input_file id="fl-43">
         <path>C:\ti\ccsv6\tools\compiler\ti-cgt-msp430_4.4.3\lib\</path>
         <kind>archive</kind>
         <file>rts430x_lc_rd_eabi.lib</file>
         <name>copy_decompress_none.obj</name>
      </input_file>
      <input_file id="fl-44">
         <path>C:\ti\ccsv6\tools\compiler\ti-cgt-msp430_4.4.3\lib\</path>
         <kind>archive</kind>
         <file>rts430x_lc_rd_eabi.lib</file>
         <name>copy_decompress_rle.obj</name>
      </input_file>
      <input_file id="fl-45">
         <path>C:\ti\ccsv6\tools\compiler\ti-cgt-msp430_4.4.3\lib\</path>
         <kind>archive</kind>
         <file>rts430x_lc_rd_eabi.lib</file>
         <name>int30.obj</name>
      </input_file>
      <input_file id="fl-46">
         <path>C:\ti\ccsv6\tools\compiler\ti-cgt-msp430_4.4.3\lib\</path>
         <kind>archive</kind>
         <file>rts430x_lc_rd_eabi.lib</file>
         <name>isr_trap.obj</name>
      </input_file>
      <input_file id="fl-47">
         <path>C:\ti\ccsv6\tools\compiler\ti-cgt-msp430_4.4.3\lib\</path>
         <kind>archive</kind>
         <file>rts430x_lc_rd_eabi.lib</file>
         <name>int31.obj</name>
      </input_file>
      <input_file id="fl-48">
         <path>C:\ti\ccsv6\tools\compiler\ti-cgt-msp430_4.4.3\lib\</path>
         <kind>archive</kind>
         <file>rts430x_lc_rd_eabi.lib</file>
         <name>int32.obj</name>
      </input_file>
      <input_file id="fl-49">
         <path>C:\ti\ccsv6\tools\compiler\ti-cgt-msp430_4.4.3\lib\</path>
         <kind>archive</kind>
         <file>rts430x_lc_rd_eabi.lib</file>
         <name>int33.obj</name>
      </input_file>
      <input_file id="fl-4a">
         <path>C:\ti\ccsv6\tools\compiler\ti-cgt-msp430_4.4.3\lib\</path>
         <kind>archive</kind>
         <file>rts430x_lc_rd_eabi.lib</file>
         <name>int34.obj</name>
      </input_file>
      <input_file id="fl-4b">
         <path>C:\ti\ccsv6\tools\compiler\ti-cgt-msp430_4.4.3\lib\</path>
         <kind>archive</kind>
         <file>rts430x_lc_rd_eabi.lib</file>
         <name>int35.obj</name>
      </input_file>
      <input_file id="fl-4c">
         <path>C:\ti\ccsv6\tools\compiler\ti-cgt-msp430_4.4.3\lib\</path>
         <kind>archive</kind>
         <file>rts430x_lc_rd_eabi.lib</file>
         <name>int36.obj</name>
      </input_file>
      <input_file id="fl-4d">
         <path>C:\ti\ccsv6\tools\compiler\ti-cgt-msp430_4.4.3\lib\</path>
         <kind>archive</kind>
         <file>rts430x_lc_rd_eabi.lib</file>
         <name>int37.obj</name>
      </input_file>
      <input_file id="fl-4e">
         <path>C:\ti\ccsv6\tools\compiler\ti-cgt-msp430_4.4.3\lib\</path>
         <kind>archive</kind>
         <file>rts430x_lc_rd_eabi.lib</file>
         <name>int38.obj</name>
      </input_file>
      <input_file id="fl-4f">
         <path>C:\ti\ccsv6\tools\compiler\ti-cgt-msp430_4.4.3\lib\</path>
         <kind>archive</kind>
         <file>rts430x_lc_rd_eabi.lib</file>
         <name>int39.obj</name>
      </input_file>
      <input_file id="fl-50">
         <path>C:\ti\ccsv6\tools\compiler\ti-cgt-msp430_4.4.3\lib\</path>
         <kind>archive</kind>
         <file>rts430x_lc_rd_eabi.lib</file>
         <name>int40.obj</name>
      </input_file>
      <input_file id="fl-51">
         <path>C:\ti\ccsv6\tools\compiler\ti-cgt-msp430_4.4.3\lib\</path>
         <kind>archive</kind>
         <file>rts430x_lc_rd_eabi.lib</file>
         <name>int42.obj</name>
      </input_file>
      <input_file id="fl-52">
         <path>C:\ti\ccsv6\tools\compiler\ti-cgt-msp430_4.4.3\lib\</path>
         <kind>archive</kind>
         <file>rts430x_lc_rd_eabi.lib</file>
         <name>int44.obj</name>
      </input_file>
      <input_file id="fl-53">
         <path>C:\ti\ccsv6\tools\compiler\ti-cgt-msp430_4.4.3\lib\</path>
         <kind>archive</kind>
         <file>rts430x_lc_rd_eabi.lib</file>
         <name>int45.obj</name>
      </input_file>
      <input_file id="fl-54">
         <path>C:\ti\ccsv6\tools\compiler\ti-cgt-msp430_4.4.3\lib\</path>
         <kind>archive</kind>
         <file>rts430x_lc_rd_eabi.lib</file>
         <name>int46.obj</name>
      </input_file>
      <input_file id="fl-55">
         <path>C:\ti\ccsv6\tools\compiler\ti-cgt-msp430_4.4.3\lib\</path>
         <kind>archive</kind>
         <file>rts430x_lc_rd_eabi.lib</file>
         <name>int48.obj</name>
      </input_file>
      <input_file id="fl-56">
         <path>C:\ti\ccsv6\tools\compiler\ti-cgt-msp430_4.4.3\lib\</path>
         <kind>archive</kind>
         <file>rts430x_lc_rd_eabi.lib</file>
         <name>int49.obj</name>
      </input_file>
      <input_file id="fl-57">
         <path>C:\ti\ccsv6\tools\compiler\ti-cgt-msp430_4.4.3\lib\</path>
         <kind>archive</kind>
         <file>rts430x_lc_rd_eabi.lib</file>
         <name>int50.obj</name>
      </input_file>
      <input_file id="fl-58">
         <path>C:\ti\ccsv6\tools\compiler\ti-cgt-msp430_4.4.3\lib\</path>
         <kind>archive</kind>
         <file>rts430x_lc_rd_eabi.lib</file>
         <name>int51.obj</name>
      </input_file>
      <input_file id="fl-59">
         <path>C:\ti\ccsv6\tools\compiler\ti-cgt-msp430_4.4.3\lib\</path>
         <kind>archive</kind>
         <file>rts430x_lc_rd_eabi.lib</file>
         <name>int52.obj</name>
      </input_file>
      <input_file id="fl-5a">
         <path>C:\ti\ccsv6\tools\compiler\ti-cgt-msp430_4.4.3\lib\</path>
         <kind>archive</kind>
         <file>rts430x_lc_rd_eabi.lib</file>
         <name>int53.obj</name>
      </input_file>
      <input_file id="fl-5b">
         <path>C:\ti\ccsv6\tools\compiler\ti-cgt-msp430_4.4.3\lib\</path>
         <kind>archive</kind>
         <file>rts430x_lc_rd_eabi.lib</file>
         <name>int54.obj</name>
      </input_file>
      <input_file id="fl-5c">
         <path>C:\ti\ccsv6\tools\compiler\ti-cgt-msp430_4.4.3\lib\</path>
         <kind>archive</kind>
         <file>rts430x_lc_rd_eabi.lib</file>
         <name>copy_zero_init.obj</name>
      </input_file>
      <input_file id="fl-5d">
         <path>C:\ti\ccsv6\tools\compiler\ti-cgt-msp430_4.4.3\lib\</path>
         <kind>archive</kind>
         <file>rts430x_lc_rd_eabi.lib</file>
         <name>fs_add.obj</name>
      </input_file>
      <input_file id="fl-5e">
         <path>C:\ti\ccsv6\tools\compiler\ti-cgt-msp430_4.4.3\lib\</path>
         <kind>archive</kind>
         <file>rts430x_lc_rd_eabi.lib</file>
         <name>div16s.obj</name>
      </input_file>
      <input_file id="fl-5f">
         <path>C:\ti\ccsv6\tools\compiler\ti-cgt-msp430_4.4.3\lib\</path>
         <kind>archive</kind>
         <file>rts430x_lc_rd_eabi.lib</file>
         <name>div32s.obj</name>
      </input_file>
      <input_file id="fl-60">
         <path>C:\ti\ccsv6\tools\compiler\ti-cgt-msp430_4.4.3\lib\</path>
         <kind>archive</kind>
         <file>rts430x_lc_rd_eabi.lib</file>
         <name>div16u.obj</name>
      </input_file>
      <input_file id="fl-61">
         <path>C:\ti\ccsv6\tools\compiler\ti-cgt-msp430_4.4.3\lib\</path>
         <kind>archive</kind>
         <file>rts430x_lc_rd_eabi.lib</file>
         <name>div32u.obj</name>
      </input_file>
      <input_file id="fl-62">
         <path>C:\ti\ccsv6\tools\compiler\ti-cgt-msp430_4.4.3\lib\</path>
         <kind>archive</kind>
         <file>rts430x_lc_rd_eabi.lib</file>
         <name>fs_tol.obj</name>
      </input_file>
      <input_file id="fl-63">
         <path>C:\ti\ccsv6\tools\compiler\ti-cgt-msp430_4.4.3\lib\</path>
         <kind>archive</kind>
         <file>rts430x_lc_rd_eabi.lib</file>
         <name>fs_ltof.obj</name>
      </input_file>
      <input_file id="fl-64">
         <path>C:\ti\ccsv6\tools\compiler\ti-cgt-msp430_4.4.3\lib\</path>
         <kind>archive</kind>
         <file>rts430x_lc_rd_eabi.lib</file>
         <name>fs_mpy.obj</name>
      </input_file>
      <input_file id="fl-65">
         <path>C:\ti\ccsv6\tools\compiler\ti-cgt-msp430_4.4.3\lib\</path>
         <kind>archive</kind>
         <file>rts430x_lc_rd_eabi.lib</file>
         <name>mult16.obj</name>
      </input_file>
      <input_file id="fl-66">
         <path>C:\ti\ccsv6\tools\compiler\ti-cgt-msp430_4.4.3\lib\</path>
         <kind>archive</kind>
         <file>rts430x_lc_rd_eabi.lib</file>
         <name>mult16_f5hw.obj</name>
      </input_file>
      <input_file id="fl-67">
         <path>C:\ti\ccsv6\tools\compiler\ti-cgt-msp430_4.4.3\lib\</path>
         <kind>archive</kind>
         <file>rts430x_lc_rd_eabi.lib</file>
         <name>mult32.obj</name>
      </input_file>
      <input_file id="fl-68">
         <path>C:\ti\ccsv6\tools\compiler\ti-cgt-msp430_4.4.3\lib\</path>
         <kind>archive</kind>
         <file>rts430x_lc_rd_eabi.lib</file>
         <name>mult32_f5hw.obj</name>
      </input_file>
      <input_file id="fl-69">
         <path>C:\ti\ccsv6\tools\compiler\ti-cgt-msp430_4.4.3\lib\</path>
         <kind>archive</kind>
         <file>rts430x_lc_rd_eabi.lib</file>
         <name>mult64_f5hw.obj</name>
      </input_file>
      <input_file id="fl-6a">
         <path>C:\ti\ccsv6\tools\compiler\ti-cgt-msp430_4.4.3\lib\</path>
         <kind>archive</kind>
         <file>rts430x_lc_rd_eabi.lib</file>
         <name>mult1632_f5hw.obj</name>
      </input_file>
      <input_file id="fl-6b">
         <path>C:\ti\ccsv6\tools\compiler\ti-cgt-msp430_4.4.3\lib\</path>
         <kind>archive</kind>
         <file>rts430x_lc_rd_eabi.lib</file>
         <name>mult3264_f5hw.obj</name>
      </input_file>
      <input_file id="fl-6c">
         <path>C:\ti\ccsv6\tools\compiler\ti-cgt-msp430_4.4.3\lib\</path>
         <kind>archive</kind>
         <file>rts430x_lc_rd_eabi.lib</file>
         <name>lsl32.obj</name>
      </input_file>
      <input_file id="fl-6d">
         <path>C:\ti\ccsv6\tools\compiler\ti-cgt-msp430_4.4.3\lib\</path>
         <kind>archive</kind>
         <file>rts430x_lc_rd_eabi.lib</file>
         <name>asr32.obj</name>
      </input_file>
      <input_file id="fl-6e">
         <path>C:\ti\ccsv6\tools\compiler\ti-cgt-msp430_4.4.3\lib\</path>
         <kind>archive</kind>
         <file>rts430x_lc_rd_eabi.lib</file>
         <name>lsr32.obj</name>
      </input_file>
      <input_file id="fl-6f">
         <path>C:\ti\ccsv6\tools\compiler\ti-cgt-msp430_4.4.3\lib\</path>
         <kind>archive</kind>
         <file>rts430x_lc_rd_eabi.lib</file>
         <name>boot.obj</name>
      </input_file>
      <input_file id="fl-70">
         <path>C:\ti\ccsv6\tools\compiler\ti-cgt-msp430_4.4.3\lib\</path>
         <kind>archive</kind>
         <file>rts430x_lc_rd_eabi.lib</file>
         <name>args_main.obj</name>
      </input_file>
      <input_file id="fl-71">
         <path>C:\ti\ccsv6\tools\compiler\ti-cgt-msp430_4.4.3\lib\</path>
         <kind>archive</kind>
         <file>rts430x_lc_rd_eabi.lib</file>
         <name>autoinit_wdt.obj</name>
      </input_file>
      <input_file id="fl-72">
         <path>C:\ti\ccsv6\tools\compiler\ti-cgt-msp430_4.4.3\lib\</path>
         <kind>archive</kind>
         <file>rts430x_lc_rd_eabi.lib</file>
         <name>boot_special.obj</name>
      </input_file>
      <input_file id="fl-73">
         <path>C:\ti\ccsv6\tools\compiler\ti-cgt-msp430_4.4.3\lib\</path>
         <kind>archive</kind>
         <file>rts430x_lc_rd_eabi.lib</file>
         <name>mpu_init.obj</name>
      </input_file>
      <input_file id="fl-74">
         <path>C:\ti\ccsv6\tools\compiler\ti-cgt-msp430_4.4.3\lib\</path>
         <kind>archive</kind>
         <file>rts430x_lc_rd_eabi.lib</file>
         <name>pre_init.obj</name>
      </input_file>
      <input_file id="fl-75">
         <path>C:\ti\ccsv6\tools\compiler\ti-cgt-msp430_4.4.3\lib\</path>
         <kind>archive</kind>
         <file>rts430x_lc_rd_eabi.lib</file>
         <name>exit.obj</name>
      </input_file>
      <input_file id="fl-76">
         <path>C:\ti\ccsv6\tools\compiler\ti-cgt-msp430_4.4.3\lib\</path>
         <kind>archive</kind>
         <file>rts430x_lc_rd_eabi.lib</file>
         <name>_lock.obj</name>
      </input_file>
      <input_file id="fl-77">
         <path>C:\ti\ccsv6\tools\compiler\ti-cgt-msp430_4.4.3\lib\</path>
         <kind>archive</kind>
         <file>rts430x_lc_rd_eabi.lib</file>
         <name>memory.obj</name>
      </input_file>
      <input_file id="fl-78">
         <path>C:\ti\ccsv6\tools\compiler\ti-cgt-msp430_4.4.3\lib\</path>
         <kind>archive</kind>
         <file>rts430x_lc_rd_eabi.lib</file>
         <name>memcpy.obj</name>
      </input_file>
   </input_file_list>
   <object_component_list>
      <object_component id="oc-dc">
         <name>.sysmem</name>
         <uninitialized>true</uninitialized>
         <run_address>0x4400</run_address>
         <size>0x6</size>
         <input_file_ref idref="fl-77"/>
      </object_component>
      <object_component id="oc-5a6">
         <name>.sysmem</name>
         <uninitialized>true</uninitialized>
         <run_address>0x4400</run_address>
         <size>0x0</size>
      </object_component>
      <object_component id="oc-5a4">
         <name>.cinit..data.load</name>
         <load_address>0x4bea</load_address>
         <run_address>0x4bea</run_address>
         <size>0x75</size>
      </object_component>
      <object_component id="oc-5a1">
         <name>__TI_handler_table</name>
         <load_address>0x4c60</load_address>
         <run_address>0x4c60</run_address>
         <size>0xc</size>
      </object_component>
      <object_component id="oc-5a3">
         <name>.cinit..bss.load</name>
         <load_address>0x4c6c</load_address>
         <run_address>0x4c6c</run_address>
         <size>0x6</size>
      </object_component>
      <object_component id="oc-5a2">
         <name>__TI_cinit_table</name>
         <load_address>0x4c72</load_address>
         <run_address>0x4c72</run_address>
         <size>0x10</size>
      </object_component>
      <object_component id="oc-1b5">
         <name>.const:.string</name>
         <load_address>0x4922</load_address>
         <run_address>0x4922</run_address>
         <size>0x286</size>
         <input_file_ref idref="fl-9"/>
      </object_component>
      <object_component id="oc-399">
         <name>.const:.string:CwLetterData</name>
         <load_address>0x4ba8</load_address>
         <run_address>0x4ba8</run_address>
         <size>0x1a</size>
         <input_file_ref idref="fl-6"/>
      </object_component>
      <object_component id="oc-522">
         <name>.const:.string</name>
         <load_address>0x4bc2</load_address>
         <run_address>0x4bc2</run_address>
         <size>0x10</size>
         <input_file_ref idref="fl-e"/>
      </object_component>
      <object_component id="oc-3bb">
         <name>.const:.string:bmpCalRegs$1</name>
         <load_address>0x4bd2</load_address>
         <run_address>0x4bd2</run_address>
         <size>0xb</size>
         <input_file_ref idref="fl-5"/>
      </object_component>
      <object_component id="oc-39c">
         <name>.const:.string:CwNumberData</name>
         <load_address>0x4bde</load_address>
         <run_address>0x4bde</run_address>
         <size>0xa</size>
         <input_file_ref idref="fl-6"/>
      </object_component>
      <object_component id="oc-357">
         <name>.const:.string</name>
         <load_address>0x4be8</load_address>
         <run_address>0x4be8</run_address>
         <size>0x2</size>
         <input_file_ref idref="fl-b"/>
      </object_component>
      <object_component id="oc-10a">
         <name>.text:_isr:USCI_B0_ISR</name>
         <load_address>0x4800</load_address>
         <run_address>0x4800</run_address>
         <size>0x86</size>
         <input_file_ref idref="fl-3"/>
      </object_component>
      <object_component id="oc-104">
         <name>.text:_isr:USCI_A1_ISR</name>
         <load_address>0x4886</load_address>
         <run_address>0x4886</run_address>
         <size>0x70</size>
         <input_file_ref idref="fl-c"/>
      </object_component>
      <object_component id="oc-b4">
         <name>.text:_isr:_c_int00_noargs_noexit</name>
         <load_address>0x48f6</load_address>
         <run_address>0x48f6</run_address>
         <size>0x1a</size>
         <input_file_ref idref="fl-72"/>
      </object_component>
      <object_component id="oc-fe">
         <name>.text:_isr:Timer_A_Delay</name>
         <load_address>0x4910</load_address>
         <run_address>0x4910</run_address>
         <size>0xc</size>
         <input_file_ref idref="fl-9"/>
      </object_component>
      <object_component id="oc-f9">
         <name>.text:_isr:__TI_ISR_TRAP</name>
         <load_address>0x491c</load_address>
         <run_address>0x491c</run_address>
         <size>0x6</size>
         <input_file_ref idref="fl-46"/>
      </object_component>
      <object_component id="oc-442">
         <name>.text:find_volume</name>
         <load_address>0x10000</load_address>
         <run_address>0x10000</run_address>
         <size>0x4f4</size>
         <input_file_ref idref="fl-e"/>
      </object_component>
      <object_component id="oc-1b7">
         <name>.text:f_printf</name>
         <load_address>0x104f4</load_address>
         <run_address>0x104f4</run_address>
         <size>0x304</size>
         <input_file_ref idref="fl-e"/>
      </object_component>
      <object_component id="oc-372">
         <name>.text:f_lseek</name>
         <load_address>0x107f8</load_address>
         <run_address>0x107f8</run_address>
         <size>0x29c</size>
         <input_file_ref idref="fl-e"/>
      </object_component>
      <object_component id="oc-1e4">
         <name>.text:BMP180GetPressure</name>
         <load_address>0x10a94</load_address>
         <run_address>0x10a94</run_address>
         <size>0x29a</size>
         <input_file_ref idref="fl-5"/>
      </object_component>
      <object_component id="oc-2ad">
         <name>.text:f_write</name>
         <load_address>0x10d2e</load_address>
         <run_address>0x10d2e</run_address>
         <size>0x294</size>
         <input_file_ref idref="fl-e"/>
      </object_component>
      <object_component id="oc-36c">
         <name>.text:f_open</name>
         <load_address>0x10fc2</load_address>
         <run_address>0x10fc2</run_address>
         <size>0x1f4</size>
         <input_file_ref idref="fl-e"/>
      </object_component>
      <object_component id="oc-178">
         <name>.text:ParseGPS</name>
         <load_address>0x111b6</load_address>
         <run_address>0x111b6</run_address>
         <size>0x1ca</size>
         <input_file_ref idref="fl-8"/>
      </object_component>
      <object_component id="oc-290">
         <name>.text:BMP180GetCalVals</name>
         <load_address>0x11380</load_address>
         <run_address>0x11380</run_address>
         <size>0x1c2</size>
         <input_file_ref idref="fl-5"/>
      </object_component>
      <object_component id="oc-426">
         <name>.text:disk_ioctl</name>
         <load_address>0x11542</load_address>
         <run_address>0x11542</run_address>
         <size>0x1b4</size>
         <input_file_ref idref="fl-d"/>
      </object_component>
      <object_component id="oc-137">
         <name>.text:main</name>
         <load_address>0x116f6</load_address>
         <run_address>0x116f6</run_address>
         <size>0x1b2</size>
         <input_file_ref idref="fl-9"/>
      </object_component>
      <object_component id="oc-4e1">
         <name>.text:create_name</name>
         <load_address>0x118a8</load_address>
         <run_address>0x118a8</run_address>
         <size>0x196</size>
         <input_file_ref idref="fl-e"/>
      </object_component>
      <object_component id="oc-48e">
         <name>.text:put_fat</name>
         <load_address>0x11a3e</load_address>
         <run_address>0x11a3e</run_address>
         <size>0x190</size>
         <input_file_ref idref="fl-e"/>
      </object_component>
      <object_component id="oc-4d2">
         <name>.text:disk_initialize</name>
         <load_address>0x11bce</load_address>
         <run_address>0x11bce</run_address>
         <size>0x188</size>
         <input_file_ref idref="fl-d"/>
      </object_component>
      <object_component id="oc-530">
         <name>.text:dir_next</name>
         <load_address>0x11d56</load_address>
         <run_address>0x11d56</run_address>
         <size>0x176</size>
         <input_file_ref idref="fl-e"/>
      </object_component>
      <object_component id="oc-471">
         <name>.text:get_fat</name>
         <load_address>0x11ecc</load_address>
         <run_address>0x11ecc</run_address>
         <size>0x148</size>
         <input_file_ref idref="fl-e"/>
      </object_component>
      <object_component id="oc-32a">
         <name>.text</name>
         <load_address>0x12014</load_address>
         <run_address>0x12014</run_address>
         <size>0x130</size>
         <input_file_ref idref="fl-5d"/>
      </object_component>
      <object_component id="oc-3c2">
         <name>.text:create_chain</name>
         <load_address>0x12144</load_address>
         <run_address>0x12144</run_address>
         <size>0x128</size>
         <input_file_ref idref="fl-e"/>
      </object_component>
      <object_component id="oc-4ed">
         <name>.text:dir_sdi</name>
         <load_address>0x1226c</load_address>
         <run_address>0x1226c</run_address>
         <size>0xfe</size>
         <input_file_ref idref="fl-e"/>
      </object_component>
      <object_component id="oc-307">
         <name>.text:sync_fs</name>
         <load_address>0x1236a</load_address>
         <run_address>0x1236a</run_address>
         <size>0xf6</size>
         <input_file_ref idref="fl-e"/>
      </object_component>
      <object_component id="oc-1c3">
         <name>.text:BMP180GetRawPressure</name>
         <load_address>0x12460</load_address>
         <run_address>0x12460</run_address>
         <size>0xe4</size>
         <input_file_ref idref="fl-5"/>
      </object_component>
      <object_component id="oc-1f3">
         <name>.text:SDOpenFile</name>
         <load_address>0x12544</load_address>
         <run_address>0x12544</run_address>
         <size>0xdc</size>
         <input_file_ref idref="fl-b"/>
      </object_component>
      <object_component id="oc-2ef">
         <name>.text:disk_write</name>
         <load_address>0x12620</load_address>
         <run_address>0x12620</run_address>
         <size>0xd2</size>
         <input_file_ref idref="fl-d"/>
      </object_component>
      <object_component id="oc-1cc">
         <name>.text:f_sync</name>
         <load_address>0x126f2</load_address>
         <run_address>0x126f2</run_address>
         <size>0xce</size>
         <input_file_ref idref="fl-e"/>
      </object_component>
      <object_component id="oc-457">
         <name>.text:get_fileinfo</name>
         <load_address>0x127c0</load_address>
         <run_address>0x127c0</run_address>
         <size>0xbc</size>
         <input_file_ref idref="fl-e"/>
      </object_component>
      <object_component id="oc-3b4">
         <name>.text:malloc</name>
         <load_address>0x1287c</load_address>
         <run_address>0x1287c</run_address>
         <size>0xba</size>
         <input_file_ref idref="fl-77"/>
      </object_component>
      <object_component id="oc-32f">
         <name>.text</name>
         <load_address>0x12936</load_address>
         <run_address>0x12936</run_address>
         <size>0xb6</size>
         <input_file_ref idref="fl-64"/>
      </object_component>
      <object_component id="oc-278">
         <name>.text:cwSend</name>
         <load_address>0x129ec</load_address>
         <run_address>0x129ec</run_address>
         <size>0xb4</size>
         <input_file_ref idref="fl-6"/>
      </object_component>
      <object_component id="oc-46a">
         <name>.text:remove_chain</name>
         <load_address>0x12aa0</load_address>
         <run_address>0x12aa0</run_address>
         <size>0x9c</size>
         <input_file_ref idref="fl-e"/>
      </object_component>
      <object_component id="oc-1de">
         <name>.text:BMP180GetTemp</name>
         <load_address>0x12b3c</load_address>
         <run_address>0x12b3c</run_address>
         <size>0x9a</size>
         <input_file_ref idref="fl-5"/>
      </object_component>
      <object_component id="oc-451">
         <name>.text:follow_path</name>
         <load_address>0x12bd6</load_address>
         <run_address>0x12bd6</run_address>
         <size>0x9a</size>
         <input_file_ref idref="fl-e"/>
      </object_component>
      <object_component id="oc-3ce">
         <name>.text:disk_read</name>
         <load_address>0x12c70</load_address>
         <run_address>0x12c70</run_address>
         <size>0x96</size>
         <input_file_ref idref="fl-d"/>
      </object_component>
      <object_component id="oc-1bd">
         <name>.text:BMP180GetRawTemp</name>
         <load_address>0x12d06</load_address>
         <run_address>0x12d06</run_address>
         <size>0x92</size>
         <input_file_ref idref="fl-5"/>
      </object_component>
      <object_component id="oc-4d8">
         <name>.text:check_fs</name>
         <load_address>0x12d98</load_address>
         <run_address>0x12d98</run_address>
         <size>0x86</size>
         <input_file_ref idref="fl-e"/>
      </object_component>
      <object_component id="oc-417">
         <name>.text:sync_window</name>
         <load_address>0x12e1e</load_address>
         <run_address>0x12e1e</run_address>
         <size>0x86</size>
         <input_file_ref idref="fl-e"/>
      </object_component>
      <object_component id="oc-272">
         <name>.text:PCUARTInit</name>
         <load_address>0x12ea4</load_address>
         <run_address>0x12ea4</run_address>
         <size>0x82</size>
         <input_file_ref idref="fl-c"/>
      </object_component>
      <object_component id="oc-358">
         <name>.text:f_mount</name>
         <load_address>0x12f26</load_address>
         <run_address>0x12f26</run_address>
         <size>0x7e</size>
         <input_file_ref idref="fl-e"/>
      </object_component>
      <object_component id="oc-335">
         <name>.text</name>
         <load_address>0x12fa4</load_address>
         <run_address>0x12fa4</run_address>
         <size>0x7e</size>
         <input_file_ref idref="fl-62"/>
      </object_component>
      <object_component id="oc-3fe">
         <name>.text:send_cmd</name>
         <load_address>0x13022</load_address>
         <run_address>0x13022</run_address>
         <size>0x76</size>
         <input_file_ref idref="fl-d"/>
      </object_component>
      <object_component id="oc-30f">
         <name>.text:accel_read_reg</name>
         <load_address>0x13098</load_address>
         <run_address>0x13098</run_address>
         <size>0x72</size>
         <input_file_ref idref="fl-4"/>
      </object_component>
      <object_component id="oc-11d">
         <name>.text:_auto_init_hold_wdt</name>
         <load_address>0x1310a</load_address>
         <run_address>0x1310a</run_address>
         <size>0x6c</size>
         <input_file_ref idref="fl-71"/>
      </object_component>
      <object_component id="oc-1a9">
         <name>.text:initAll</name>
         <load_address>0x13176</load_address>
         <run_address>0x13176</run_address>
         <size>0x6c</size>
         <input_file_ref idref="fl-9"/>
      </object_component>
      <object_component id="oc-ec">
         <name>.text:__TI_decompress_rle_core</name>
         <load_address>0x131e2</load_address>
         <run_address>0x131e2</run_address>
         <size>0x68</size>
         <input_file_ref idref="fl-44"/>
      </object_component>
      <object_component id="oc-366">
         <name>.text:f_stat</name>
         <load_address>0x1324a</load_address>
         <run_address>0x1324a</run_address>
         <size>0x68</size>
         <input_file_ref idref="fl-e"/>
      </object_component>
      <object_component id="oc-4ca">
         <name>.text:power_on</name>
         <load_address>0x132b2</load_address>
         <run_address>0x132b2</run_address>
         <size>0x5e</size>
         <input_file_ref idref="fl-d"/>
      </object_component>
      <object_component id="oc-4f5">
         <name>.text:dir_alloc</name>
         <load_address>0x13310</load_address>
         <run_address>0x13310</run_address>
         <size>0x5c</size>
         <input_file_ref idref="fl-e"/>
      </object_component>
      <object_component id="oc-4e7">
         <name>.text:dir_find</name>
         <load_address>0x1336c</load_address>
         <run_address>0x1336c</run_address>
         <size>0x5a</size>
         <input_file_ref idref="fl-e"/>
      </object_component>
      <object_component id="oc-2a3">
         <name>.text</name>
         <load_address>0x133c6</load_address>
         <run_address>0x133c6</run_address>
         <size>0x58</size>
         <input_file_ref idref="fl-61"/>
      </object_component>
      <object_component id="oc-43b">
         <name>.text:get_ldnumber</name>
         <load_address>0x1341e</load_address>
         <run_address>0x1341e</run_address>
         <size>0x54</size>
         <input_file_ref idref="fl-e"/>
      </object_component>
      <object_component id="oc-2f5">
         <name>.text:move_window</name>
         <load_address>0x13472</load_address>
         <run_address>0x13472</run_address>
         <size>0x52</size>
         <input_file_ref idref="fl-e"/>
      </object_component>
      <object_component id="oc-3ad">
         <name>.text:accel_write_reg</name>
         <load_address>0x134c4</load_address>
         <run_address>0x134c4</run_address>
         <size>0x50</size>
         <input_file_ref idref="fl-4"/>
      </object_component>
      <object_component id="oc-2c6">
         <name>.text:sendByteInput</name>
         <load_address>0x13514</load_address>
         <run_address>0x13514</run_address>
         <size>0x50</size>
         <input_file_ref idref="fl-2"/>
      </object_component>
      <object_component id="oc-404">
         <name>.text:xmit_datablock</name>
         <load_address>0x13564</load_address>
         <run_address>0x13564</run_address>
         <size>0x50</size>
         <input_file_ref idref="fl-d"/>
      </object_component>
      <object_component id="oc-45e">
         <name>.text:dir_register</name>
         <load_address>0x135b4</load_address>
         <run_address>0x135b4</run_address>
         <size>0x4e</size>
         <input_file_ref idref="fl-e"/>
      </object_component>
      <object_component id="oc-29d">
         <name>.text:putc_bfd</name>
         <load_address>0x13602</load_address>
         <run_address>0x13602</run_address>
         <size>0x4e</size>
         <input_file_ref idref="fl-e"/>
      </object_component>
      <object_component id="oc-325">
         <name>.text</name>
         <load_address>0x13650</load_address>
         <run_address>0x13650</run_address>
         <size>0x4a</size>
         <input_file_ref idref="fl-63"/>
      </object_component>
      <object_component id="oc-28a">
         <name>.text:accel_init</name>
         <load_address>0x1369a</load_address>
         <run_address>0x1369a</run_address>
         <size>0x48</size>
         <input_file_ref idref="fl-4"/>
      </object_component>
      <object_component id="oc-496">
         <name>.text:rcvr_datablock</name>
         <load_address>0x136e2</load_address>
         <run_address>0x136e2</run_address>
         <size>0x44</size>
         <input_file_ref idref="fl-d"/>
      </object_component>
      <object_component id="oc-486">
         <name>.text:minit</name>
         <load_address>0x13726</load_address>
         <run_address>0x13726</run_address>
         <size>0x42</size>
         <input_file_ref idref="fl-77"/>
      </object_component>
      <object_component id="oc-31b">
         <name>.text</name>
         <load_address>0x13768</load_address>
         <run_address>0x13768</run_address>
         <size>0x40</size>
         <input_file_ref idref="fl-5f"/>
      </object_component>
      <object_component id="oc-3c8">
         <name>.text:clust2sect</name>
         <load_address>0x137a8</load_address>
         <run_address>0x137a8</run_address>
         <size>0x3e</size>
         <input_file_ref idref="fl-e"/>
      </object_component>
      <object_component id="oc-340">
         <name>.text:l_asr_const</name>
         <load_address>0x137e6</load_address>
         <run_address>0x137e6</run_address>
         <size>0x3e</size>
         <input_file_ref idref="fl-6d"/>
      </object_component>
      <object_component id="oc-320">
         <name>.text:l_lsl_const</name>
         <load_address>0x13824</load_address>
         <run_address>0x13824</run_address>
         <size>0x3e</size>
         <input_file_ref idref="fl-6c"/>
      </object_component>
      <object_component id="oc-34a">
         <name>.text:l_lsr_const</name>
         <load_address>0x13862</load_address>
         <run_address>0x13862</run_address>
         <size>0x3e</size>
         <input_file_ref idref="fl-6e"/>
      </object_component>
      <object_component id="oc-2d8">
         <name>.text:receiveByte</name>
         <load_address>0x138a0</load_address>
         <run_address>0x138a0</run_address>
         <size>0x3e</size>
         <input_file_ref idref="fl-2"/>
      </object_component>
      <object_component id="oc-49c">
         <name>.text:send_cmd12</name>
         <load_address>0x138de</load_address>
         <run_address>0x138de</run_address>
         <size>0x3c</size>
         <input_file_ref idref="fl-d"/>
      </object_component>
      <object_component id="oc-2e9">
         <name>.text:validate</name>
         <load_address>0x1391a</load_address>
         <run_address>0x1391a</run_address>
         <size>0x3c</size>
         <input_file_ref idref="fl-e"/>
      </object_component>
      <object_component id="oc-172">
         <name>.text:dequeue</name>
         <load_address>0x13956</load_address>
         <run_address>0x13956</run_address>
         <size>0x38</size>
         <input_file_ref idref="fl-a"/>
      </object_component>
      <object_component id="oc-1d2">
         <name>.text:MSP430Delay3</name>
         <load_address>0x1398e</load_address>
         <run_address>0x1398e</run_address>
         <size>0x36</size>
         <input_file_ref idref="fl-9"/>
      </object_component>
      <object_component id="oc-2df">
         <name>.text:sendAck</name>
         <load_address>0x139c4</load_address>
         <run_address>0x139c4</run_address>
         <size>0x32</size>
         <input_file_ref idref="fl-2"/>
      </object_component>
      <object_component id="oc-39f">
         <name>.text:MSP430Delay</name>
         <load_address>0x139f6</load_address>
         <run_address>0x139f6</run_address>
         <size>0x30</size>
         <input_file_ref idref="fl-6"/>
      </object_component>
      <object_component id="oc-464">
         <name>.text:ld_clust</name>
         <load_address>0x13a26</load_address>
         <run_address>0x13a26</run_address>
         <size>0x30</size>
         <input_file_ref idref="fl-e"/>
      </object_component>
      <object_component id="oc-392">
         <name>.text:initQueue</name>
         <load_address>0x13a56</load_address>
         <run_address>0x13a56</run_address>
         <size>0x2e</size>
         <input_file_ref idref="fl-a"/>
      </object_component>
      <object_component id="oc-2cc">
         <name>.text:receiveAck</name>
         <load_address>0x13a84</load_address>
         <run_address>0x13a84</run_address>
         <size>0x2e</size>
         <input_file_ref idref="fl-2"/>
      </object_component>
      <object_component id="oc-410">
         <name>.text:rcvr_spi</name>
         <load_address>0x13ab2</load_address>
         <run_address>0x13ab2</run_address>
         <size>0x2c</size>
         <input_file_ref idref="fl-d"/>
      </object_component>
      <object_component id="oc-361">
         <name>.text</name>
         <load_address>0x13ade</load_address>
         <run_address>0x13ade</run_address>
         <size>0x2c</size>
         <input_file_ref idref="fl-5e"/>
      </object_component>
      <object_component id="oc-4b2">
         <name>.text:xmit_spi</name>
         <load_address>0x13b0a</load_address>
         <run_address>0x13b0a</run_address>
         <size>0x26</size>
         <input_file_ref idref="fl-d"/>
      </object_component>
      <object_component id="oc-96">
         <name>.text:decompress:ZI:__TI_zero_init</name>
         <load_address>0x13b30</load_address>
         <run_address>0x13b30</run_address>
         <size>0x24</size>
         <input_file_ref idref="fl-5c"/>
      </object_component>
      <object_component id="oc-26c">
         <name>.text:initClock</name>
         <load_address>0x13b54</load_address>
         <run_address>0x13b54</run_address>
         <size>0x22</size>
         <input_file_ref idref="fl-9"/>
      </object_component>
      <object_component id="oc-316">
         <name>.text</name>
         <load_address>0x13b76</load_address>
         <run_address>0x13b76</run_address>
         <size>0x22</size>
         <input_file_ref idref="fl-68"/>
      </object_component>
      <object_component id="oc-1ed">
         <name>.text:f_close</name>
         <load_address>0x13b98</load_address>
         <run_address>0x13b98</run_address>
         <size>0x20</size>
         <input_file_ref idref="fl-e"/>
      </object_component>
      <object_component id="oc-284">
         <name>.text:set_port</name>
         <load_address>0x13bb8</load_address>
         <run_address>0x13bb8</run_address>
         <size>0x20</size>
         <input_file_ref idref="fl-2"/>
      </object_component>
      <object_component id="oc-1af">
         <name>.text:set_bmp180</name>
         <load_address>0x13bd8</load_address>
         <run_address>0x13bd8</run_address>
         <size>0x1e</size>
         <input_file_ref idref="fl-5"/>
      </object_component>
      <object_component id="oc-513">
         <name>.text:send_initial_clock_train</name>
         <load_address>0x13bf6</load_address>
         <run_address>0x13bf6</run_address>
         <size>0x1c</size>
         <input_file_ref idref="fl-d"/>
      </object_component>
      <object_component id="oc-2c0">
         <name>.text:SWI2CStart</name>
         <load_address>0x13c12</load_address>
         <run_address>0x13c12</run_address>
         <size>0x1a</size>
         <input_file_ref idref="fl-2"/>
      </object_component>
      <object_component id="oc-2d2">
         <name>.text:SWI2CStop</name>
         <load_address>0x13c2c</load_address>
         <run_address>0x13c2c</run_address>
         <size>0x1a</size>
         <input_file_ref idref="fl-2"/>
      </object_component>
      <object_component id="oc-27e">
         <name>.text:initRTC</name>
         <load_address>0x13c46</load_address>
         <run_address>0x13c46</run_address>
         <size>0x1a</size>
         <input_file_ref idref="fl-9"/>
      </object_component>
      <object_component id="oc-1a3">
         <name>.text:testParse</name>
         <load_address>0x13c60</load_address>
         <run_address>0x13c60</run_address>
         <size>0x1a</size>
         <input_file_ref idref="fl-8"/>
      </object_component>
      <object_component id="oc-4ac">
         <name>.text:wait_ready</name>
         <load_address>0x13c7a</load_address>
         <run_address>0x13c7a</run_address>
         <size>0x1a</size>
         <input_file_ref idref="fl-d"/>
      </object_component>
      <object_component id="oc-523">
         <name>.text:chk_chr</name>
         <load_address>0x13c94</load_address>
         <run_address>0x13c94</run_address>
         <size>0x16</size>
         <input_file_ref idref="fl-e"/>
      </object_component>
      <object_component id="oc-44b">
         <name>.text</name>
         <load_address>0x13caa</load_address>
         <run_address>0x13caa</run_address>
         <size>0x16</size>
         <input_file_ref idref="fl-60"/>
      </object_component>
      <object_component id="oc-2a8">
         <name>.text</name>
         <load_address>0x13cc0</load_address>
         <run_address>0x13cc0</run_address>
         <size>0x16</size>
         <input_file_ref idref="fl-66"/>
      </object_component>
      <object_component id="oc-2fb">
         <name>.text:st_clust</name>
         <load_address>0x13cd6</load_address>
         <run_address>0x13cd6</run_address>
         <size>0x16</size>
         <input_file_ref idref="fl-e"/>
      </object_component>
      <object_component id="oc-52a">
         <name>.text:mem_cmp</name>
         <load_address>0x13cec</load_address>
         <run_address>0x13cec</run_address>
         <size>0x14</size>
         <input_file_ref idref="fl-e"/>
      </object_component>
      <object_component id="oc-df">
         <name>.text:memcpy</name>
         <load_address>0x13d00</load_address>
         <run_address>0x13d00</run_address>
         <size>0x14</size>
         <input_file_ref idref="fl-78"/>
      </object_component>
      <object_component id="oc-1d8">
         <name>.text:accel_read</name>
         <load_address>0x13d14</load_address>
         <run_address>0x13d14</run_address>
         <size>0x12</size>
         <input_file_ref idref="fl-4"/>
      </object_component>
      <object_component id="oc-71">
         <name>.text:decompress:none:__TI_decompress_none</name>
         <load_address>0x13d26</load_address>
         <run_address>0x13d26</run_address>
         <size>0x12</size>
         <input_file_ref idref="fl-43"/>
      </object_component>
      <object_component id="oc-3d4">
         <name>.text:mem_cpy</name>
         <load_address>0x13d38</load_address>
         <run_address>0x13d38</run_address>
         <size>0x12</size>
         <input_file_ref idref="fl-e"/>
      </object_component>
      <object_component id="oc-420">
         <name>.text:mem_set</name>
         <load_address>0x13d4a</load_address>
         <run_address>0x13d4a</run_address>
         <size>0x12</size>
         <input_file_ref idref="fl-e"/>
      </object_component>
      <object_component id="oc-51a">
         <name>.text:set_max_speed</name>
         <load_address>0x13d5c</load_address>
         <run_address>0x13d5c</run_address>
         <size>0x12</size>
         <input_file_ref idref="fl-d"/>
      </object_component>
      <object_component id="oc-33b">
         <name>.text:l_asr</name>
         <load_address>0x13d6e</load_address>
         <run_address>0x13d6e</run_address>
         <size>0x10</size>
         <input_file_ref idref="fl-6d"/>
      </object_component>
      <object_component id="oc-345">
         <name>.text:l_lsl</name>
         <load_address>0x13d7e</load_address>
         <run_address>0x13d7e</run_address>
         <size>0x10</size>
         <input_file_ref idref="fl-6c"/>
      </object_component>
      <object_component id="oc-3ed">
         <name>.text:disk_status</name>
         <load_address>0x13d8e</load_address>
         <run_address>0x13d8e</run_address>
         <size>0xe</size>
         <input_file_ref idref="fl-d"/>
      </object_component>
      <object_component id="oc-266">
         <name>.text:initS1</name>
         <load_address>0x13d9c</load_address>
         <run_address>0x13d9c</run_address>
         <size>0xe</size>
         <input_file_ref idref="fl-9"/>
      </object_component>
      <object_component id="oc-506">
         <name>.text:rcvr_spi_m</name>
         <load_address>0x13daa</load_address>
         <run_address>0x13daa</run_address>
         <size>0xc</size>
         <input_file_ref idref="fl-d"/>
      </object_component>
      <object_component id="oc-301">
         <name>.text:get_fattime</name>
         <load_address>0x13db6</load_address>
         <run_address>0x13db6</run_address>
         <size>0xa</size>
         <input_file_ref idref="fl-d"/>
      </object_component>
      <object_component id="oc-40a">
         <name>.text:DESELECT</name>
         <load_address>0x13dc0</load_address>
         <run_address>0x13dc0</run_address>
         <size>0x8</size>
         <input_file_ref idref="fl-d"/>
      </object_component>
      <object_component id="oc-3f8">
         <name>.text:SELECT</name>
         <load_address>0x13dc8</load_address>
         <run_address>0x13dc8</run_address>
         <size>0x8</size>
         <input_file_ref idref="fl-d"/>
      </object_component>
      <object_component id="oc-4be">
         <name>.text:chk_power</name>
         <load_address>0x13dd0</load_address>
         <run_address>0x13dd0</run_address>
         <size>0x6</size>
         <input_file_ref idref="fl-d"/>
      </object_component>
      <object_component id="oc-77">
         <name>.text:decompress:rle24:__TI_decompress_rle24</name>
         <load_address>0x13dd6</load_address>
         <run_address>0x13dd6</run_address>
         <size>0x6</size>
         <input_file_ref idref="fl-44"/>
      </object_component>
      <object_component id="oc-16c">
         <name>.text:numEnqueued</name>
         <load_address>0x13ddc</load_address>
         <run_address>0x13ddc</run_address>
         <size>0x6</size>
         <input_file_ref idref="fl-a"/>
      </object_component>
      <object_component id="oc-4c4">
         <name>.text:power_off</name>
         <load_address>0x13de2</load_address>
         <run_address>0x13de2</run_address>
         <size>0x6</size>
         <input_file_ref idref="fl-d"/>
      </object_component>
      <object_component id="oc-117">
         <name>.text:_system_pre_init</name>
         <load_address>0x13de8</load_address>
         <run_address>0x13de8</run_address>
         <size>0x4</size>
         <input_file_ref idref="fl-74"/>
      </object_component>
      <object_component id="oc-13f">
         <name>.text:abort</name>
         <load_address>0x13dec</load_address>
         <run_address>0x13dec</run_address>
         <size>0x4</size>
         <input_file_ref idref="fl-75"/>
      </object_component>
      <object_component id="oc-22b">
         <name>.text:_nop</name>
         <load_address>0x13df0</load_address>
         <run_address>0x13df0</run_address>
         <size>0x2</size>
         <input_file_ref idref="fl-76"/>
      </object_component>
      <object_component id="oc-3a8">
         <name>.common:SCL</name>
         <uninitialized>true</uninitialized>
         <run_address>0x2100</run_address>
         <size>0x1</size>
      </object_component>
      <object_component id="oc-3ab">
         <name>.common:SDA</name>
         <uninitialized>true</uninitialized>
         <run_address>0x2101</run_address>
         <size>0x1</size>
      </object_component>
      <object_component id="oc-17f">
         <name>.common:byteCtr</name>
         <uninitialized>true</uninitialized>
         <run_address>0x2104</run_address>
         <size>0x1</size>
      </object_component>
      <object_component id="oc-183">
         <name>.common:TI_receive_field</name>
         <uninitialized>true</uninitialized>
         <run_address>0x20d2</run_address>
         <size>0x4</size>
      </object_component>
      <object_component id="oc-182">
         <name>.common:TI_transmit_field</name>
         <uninitialized>true</uninitialized>
         <run_address>0x20d6</run_address>
         <size>0x4</size>
      </object_component>
      <object_component id="oc-1ea">
         <name>.common:accelData</name>
         <uninitialized>true</uninitialized>
         <run_address>0x20c8</run_address>
         <size>0x6</size>
      </object_component>
      <object_component id="oc-3ba">
         <name>.common:g_bmpByteCountEnd</name>
         <uninitialized>true</uninitialized>
         <run_address>0x2105</run_address>
         <size>0x1</size>
      </object_component>
      <object_component id="oc-2de">
         <name>.common:g_bmpValBytes</name>
         <uninitialized>true</uninitialized>
         <run_address>0x20ea</run_address>
         <size>0x4</size>
      </object_component>
      <object_component id="oc-334">
         <name>.common:g_bmpTemp</name>
         <uninitialized>true</uninitialized>
         <run_address>0x20e6</run_address>
         <size>0x4</size>
      </object_component>
      <object_component id="oc-34f">
         <name>.common:g_pressure</name>
         <uninitialized>true</uninitialized>
         <run_address>0x20ee</run_address>
         <size>0x4</size>
      </object_component>
      <object_component id="oc-29b">
         <name>.common:calInst</name>
         <uninitialized>true</uninitialized>
         <run_address>0x20da</run_address>
         <size>0x4</size>
      </object_component>
      <object_component id="oc-297">
         <name>.common:calInst1</name>
         <uninitialized>true</uninitialized>
         <run_address>0x20e2</run_address>
         <size>0x4</size>
      </object_component>
      <object_component id="oc-29a">
         <name>.common:calInst0</name>
         <uninitialized>true</uninitialized>
         <run_address>0x20de</run_address>
         <size>0x4</size>
      </object_component>
      <object_component id="oc-1c9">
         <name>.common:gpsData</name>
         <uninitialized>true</uninitialized>
         <run_address>0x2052</run_address>
         <size>0x6d</size>
      </object_component>
      <object_component id="oc-219">
         <name>.common:gpsTerm</name>
         <uninitialized>true</uninitialized>
         <run_address>0x2106</run_address>
         <size>0x1</size>
      </object_component>
      <object_component id="oc-1b6">
         <name>.common:logfile</name>
         <uninitialized>true</uninitialized>
         <run_address>0x1e2e</run_address>
         <size>0x224</size>
      </object_component>
      <object_component id="oc-1a0">
         <name>.common:flightState</name>
         <uninitialized>true</uninitialized>
         <run_address>0x20fc</run_address>
         <size>0x2</size>
      </object_component>
      <object_component id="oc-354">
         <name>.common:sdVolume</name>
         <uninitialized>true</uninitialized>
         <run_address>0x1c00</run_address>
         <size>0x22e</size>
      </object_component>
      <object_component id="oc-169">
         <name>.common:uartData</name>
         <uninitialized>true</uninitialized>
         <run_address>0x20c0</run_address>
         <size>0x8</size>
      </object_component>
      <object_component id="oc-505">
         <name>.common:Timer1</name>
         <uninitialized>true</uninitialized>
         <run_address>0x2102</run_address>
         <size>0x1</size>
      </object_component>
      <object_component id="oc-50e">
         <name>.common:Timer2</name>
         <uninitialized>true</uninitialized>
         <run_address>0x2103</run_address>
         <size>0x1</size>
      </object_component>
      <object_component id="oc-3f7">
         <name>.common:CardType</name>
         <uninitialized>true</uninitialized>
         <run_address>0x20bf</run_address>
         <size>0x1</size>
      </object_component>
      <object_component id="oc-441">
         <name>.common:FatFs</name>
         <uninitialized>true</uninitialized>
         <run_address>0x20ce</run_address>
         <size>0x4</size>
      </object_component>
      <object_component id="oc-4de">
         <name>.common:Fsid</name>
         <uninitialized>true</uninitialized>
         <run_address>0x20fa</run_address>
         <size>0x2</size>
      </object_component>
      <object_component id="oc-48c">
         <name>.common:sys_free</name>
         <uninitialized>true</uninitialized>
         <run_address>0x20f6</run_address>
         <size>0x4</size>
      </object_component>
      <object_component id="oc-502">
         <name>.common:sys_base</name>
         <uninitialized>true</uninitialized>
         <run_address>0x20f2</run_address>
         <size>0x4</size>
      </object_component>
      <object_component id="oc-501">
         <name>.common:memsize</name>
         <uninitialized>true</uninitialized>
         <run_address>0x20fe</run_address>
         <size>0x2</size>
      </object_component>
      <object_component id="oc-3e5">
         <name>.data</name>
         <load_address>0x2170</load_address>
         <run_address>0x2170</run_address>
         <size>0x6</size>
         <input_file_ref idref="fl-2"/>
      </object_component>
      <object_component id="oc-216">
         <name>.data:fmt</name>
         <load_address>0x214a</load_address>
         <run_address>0x214a</run_address>
         <size>0x1d</size>
         <input_file_ref idref="fl-8"/>
      </object_component>
      <object_component id="oc-262">
         <name>.data:nmea_test</name>
         <load_address>0x2108</load_address>
         <run_address>0x2108</run_address>
         <size>0x42</size>
         <input_file_ref idref="fl-8"/>
      </object_component>
      <object_component id="oc-213">
         <name>.data</name>
         <load_address>0x2168</load_address>
         <run_address>0x2168</run_address>
         <size>0x8</size>
         <input_file_ref idref="fl-8"/>
      </object_component>
      <object_component id="oc-35e">
         <name>.data</name>
         <load_address>0x2167</load_address>
         <run_address>0x2167</run_address>
         <size>0x1</size>
         <input_file_ref idref="fl-b"/>
      </object_component>
      <object_component id="oc-3f4">
         <name>.data</name>
         <load_address>0x217e</load_address>
         <run_address>0x217e</run_address>
         <size>0x2</size>
         <input_file_ref idref="fl-d"/>
      </object_component>
      <object_component id="oc-191">
         <name>.data:_lock</name>
         <load_address>0x2176</load_address>
         <run_address>0x2176</run_address>
         <size>0x4</size>
         <input_file_ref idref="fl-76"/>
      </object_component>
      <object_component id="oc-19a">
         <name>.data:_unlock</name>
         <load_address>0x217a</load_address>
         <run_address>0x217a</run_address>
         <size>0x4</size>
         <input_file_ref idref="fl-76"/>
      </object_component>
      <object_component id="oc-483">
         <name>.data</name>
         <load_address>0x2180</load_address>
         <run_address>0x2180</run_address>
         <size>0x2</size>
         <input_file_ref idref="fl-77"/>
      </object_component>
      <object_component id="oc-d8">
         <name>.stack</name>
         <uninitialized>true</uninitialized>
         <run_address>0x2360</run_address>
         <size>0x4</size>
         <input_file_ref idref="fl-6f"/>
      </object_component>
      <object_component id="oc-5a5">
         <name>.stack</name>
         <uninitialized>true</uninitialized>
         <run_address>0x2360</run_address>
         <size>0x0</size>
      </object_component>
      <object_component id="oc-7d">
         <name>.int30</name>
         <load_address>0xffcc</load_address>
         <run_address>0xffcc</run_address>
         <size>0x2</size>
         <input_file_ref idref="fl-45"/>
      </object_component>
      <object_component id="oc-7e">
         <name>.int31</name>
         <load_address>0xffce</load_address>
         <run_address>0xffce</run_address>
         <size>0x2</size>
         <input_file_ref idref="fl-47"/>
      </object_component>
      <object_component id="oc-7f">
         <name>.int32</name>
         <load_address>0xffd0</load_address>
         <run_address>0xffd0</run_address>
         <size>0x2</size>
         <input_file_ref idref="fl-48"/>
      </object_component>
      <object_component id="oc-80">
         <name>.int33</name>
         <load_address>0xffd2</load_address>
         <run_address>0xffd2</run_address>
         <size>0x2</size>
         <input_file_ref idref="fl-49"/>
      </object_component>
      <object_component id="oc-81">
         <name>.int34</name>
         <load_address>0xffd4</load_address>
         <run_address>0xffd4</run_address>
         <size>0x2</size>
         <input_file_ref idref="fl-4a"/>
      </object_component>
      <object_component id="oc-82">
         <name>.int35</name>
         <load_address>0xffd6</load_address>
         <run_address>0xffd6</run_address>
         <size>0x2</size>
         <input_file_ref idref="fl-4b"/>
      </object_component>
      <object_component id="oc-83">
         <name>.int36</name>
         <load_address>0xffd8</load_address>
         <run_address>0xffd8</run_address>
         <size>0x2</size>
         <input_file_ref idref="fl-4c"/>
      </object_component>
      <object_component id="oc-84">
         <name>.int37</name>
         <load_address>0xffda</load_address>
         <run_address>0xffda</run_address>
         <size>0x2</size>
         <input_file_ref idref="fl-4d"/>
      </object_component>
      <object_component id="oc-85">
         <name>.int38</name>
         <load_address>0xffdc</load_address>
         <run_address>0xffdc</run_address>
         <size>0x2</size>
         <input_file_ref idref="fl-4e"/>
      </object_component>
      <object_component id="oc-86">
         <name>.int39</name>
         <load_address>0xffde</load_address>
         <run_address>0xffde</run_address>
         <size>0x2</size>
         <input_file_ref idref="fl-4f"/>
      </object_component>
      <object_component id="oc-87">
         <name>.int40</name>
         <load_address>0xffe0</load_address>
         <run_address>0xffe0</run_address>
         <size>0x2</size>
         <input_file_ref idref="fl-50"/>
      </object_component>
      <object_component id="oc-88">
         <name>.int41</name>
         <load_address>0xffe2</load_address>
         <run_address>0xffe2</run_address>
         <size>0x2</size>
         <input_file_ref idref="fl-9"/>
      </object_component>
      <object_component id="oc-89">
         <name>.int42</name>
         <load_address>0xffe4</load_address>
         <run_address>0xffe4</run_address>
         <size>0x2</size>
         <input_file_ref idref="fl-51"/>
      </object_component>
      <object_component id="oc-8a">
         <name>.int43</name>
         <load_address>0xffe6</load_address>
         <run_address>0xffe6</run_address>
         <size>0x2</size>
         <input_file_ref idref="fl-c"/>
      </object_component>
      <object_component id="oc-8b">
         <name>.int44</name>
         <load_address>0xffe8</load_address>
         <run_address>0xffe8</run_address>
         <size>0x2</size>
         <input_file_ref idref="fl-52"/>
      </object_component>
      <object_component id="oc-8c">
         <name>.int45</name>
         <load_address>0xffea</load_address>
         <run_address>0xffea</run_address>
         <size>0x2</size>
         <input_file_ref idref="fl-53"/>
      </object_component>
      <object_component id="oc-8d">
         <name>.int46</name>
         <load_address>0xffec</load_address>
         <run_address>0xffec</run_address>
         <size>0x2</size>
         <input_file_ref idref="fl-54"/>
      </object_component>
      <object_component id="oc-8e">
         <name>.int47</name>
         <load_address>0xffee</load_address>
         <run_address>0xffee</run_address>
         <size>0x2</size>
         <input_file_ref idref="fl-3"/>
      </object_component>
      <object_component id="oc-8f">
         <name>.int48</name>
         <load_address>0xfff0</load_address>
         <run_address>0xfff0</run_address>
         <size>0x2</size>
         <input_file_ref idref="fl-55"/>
      </object_component>
      <object_component id="oc-90">
         <name>.int49</name>
         <load_address>0xfff2</load_address>
         <run_address>0xfff2</run_address>
         <size>0x2</size>
         <input_file_ref idref="fl-56"/>
      </object_component>
      <object_component id="oc-91">
         <name>.int50</name>
         <load_address>0xfff4</load_address>
         <run_address>0xfff4</run_address>
         <size>0x2</size>
         <input_file_ref idref="fl-57"/>
      </object_component>
      <object_component id="oc-92">
         <name>.int51</name>
         <load_address>0xfff6</load_address>
         <run_address>0xfff6</run_address>
         <size>0x2</size>
         <input_file_ref idref="fl-58"/>
      </object_component>
      <object_component id="oc-93">
         <name>.int52</name>
         <load_address>0xfff8</load_address>
         <run_address>0xfff8</run_address>
         <size>0x2</size>
         <input_file_ref idref="fl-59"/>
      </object_component>
      <object_component id="oc-94">
         <name>.int53</name>
         <load_address>0xfffa</load_address>
         <run_address>0xfffa</run_address>
         <size>0x2</size>
         <input_file_ref idref="fl-5a"/>
      </object_component>
      <object_component id="oc-95">
         <name>.int54</name>
         <load_address>0xfffc</load_address>
         <run_address>0xfffc</run_address>
         <size>0x2</size>
         <input_file_ref idref="fl-5b"/>
      </object_component>
      <object_component id="oc-db">
         <name>.reset</name>
         <load_address>0xfffe</load_address>
         <run_address>0xfffe</run_address>
         <size>0x2</size>
         <input_file_ref idref="fl-6f"/>
      </object_component>
      <object_component id="oc-3a9">
         <name>.debug_info</name>
         <load_address>0x0</load_address>
         <run_address>0x0</run_address>
         <size>0x1c6</size>
         <input_file_ref idref="fl-2"/>
      </object_component>
      <object_component id="oc-3e6">
         <name>.debug_info</name>
         <load_address>0x1c6</load_address>
         <run_address>0x1c6</run_address>
         <size>0x144</size>
         <input_file_ref idref="fl-2"/>
      </object_component>
      <object_component id="oc-285">
         <name>.debug_info</name>
         <load_address>0x30a</load_address>
         <run_address>0x30a</run_address>
         <size>0x116</size>
         <input_file_ref idref="fl-2"/>
      </object_component>
      <object_component id="oc-2c7">
         <name>.debug_info</name>
         <load_address>0x420</load_address>
         <run_address>0x420</run_address>
         <size>0x124</size>
         <input_file_ref idref="fl-2"/>
      </object_component>
      <object_component id="oc-2d9">
         <name>.debug_info</name>
         <load_address>0x544</load_address>
         <run_address>0x544</run_address>
         <size>0x10d</size>
         <input_file_ref idref="fl-2"/>
      </object_component>
      <object_component id="oc-2e0">
         <name>.debug_info</name>
         <load_address>0x651</load_address>
         <run_address>0x651</run_address>
         <size>0x114</size>
         <input_file_ref idref="fl-2"/>
      </object_component>
      <object_component id="oc-2cd">
         <name>.debug_info</name>
         <load_address>0x765</load_address>
         <run_address>0x765</run_address>
         <size>0xfc</size>
         <input_file_ref idref="fl-2"/>
      </object_component>
      <object_component id="oc-2c1">
         <name>.debug_info</name>
         <load_address>0x861</load_address>
         <run_address>0x861</run_address>
         <size>0xf8</size>
         <input_file_ref idref="fl-2"/>
      </object_component>
      <object_component id="oc-2d3">
         <name>.debug_info</name>
         <load_address>0x959</load_address>
         <run_address>0x959</run_address>
         <size>0xf6</size>
         <input_file_ref idref="fl-2"/>
      </object_component>
      <object_component id="oc-14d">
         <name>.debug_info</name>
         <load_address>0xa4f</load_address>
         <run_address>0xa4f</run_address>
         <size>0x84</size>
         <input_file_ref idref="fl-2"/>
      </object_component>
      <object_component id="oc-24e">
         <name>.debug_info</name>
         <load_address>0xad3</load_address>
         <run_address>0xad3</run_address>
         <size>0x18b</size>
         <input_file_ref idref="fl-2"/>
      </object_component>
      <object_component id="oc-180">
         <name>.debug_info</name>
         <load_address>0xc5e</load_address>
         <run_address>0xc5e</run_address>
         <size>0x3fd</size>
         <input_file_ref idref="fl-3"/>
      </object_component>
      <object_component id="oc-10b">
         <name>.debug_info</name>
         <load_address>0x105b</load_address>
         <run_address>0x105b</run_address>
         <size>0xfb</size>
         <input_file_ref idref="fl-3"/>
      </object_component>
      <object_component id="oc-1eb">
         <name>.debug_info</name>
         <load_address>0x1156</load_address>
         <run_address>0x1156</run_address>
         <size>0x20e</size>
         <input_file_ref idref="fl-4"/>
      </object_component>
      <object_component id="oc-3ae">
         <name>.debug_info</name>
         <load_address>0x1364</load_address>
         <run_address>0x1364</run_address>
         <size>0x217</size>
         <input_file_ref idref="fl-4"/>
      </object_component>
      <object_component id="oc-310">
         <name>.debug_info</name>
         <load_address>0x157b</load_address>
         <run_address>0x157b</run_address>
         <size>0x264</size>
         <input_file_ref idref="fl-4"/>
      </object_component>
      <object_component id="oc-28b">
         <name>.debug_info</name>
         <load_address>0x17df</load_address>
         <run_address>0x17df</run_address>
         <size>0x15d</size>
         <input_file_ref idref="fl-4"/>
      </object_component>
      <object_component id="oc-1d9">
         <name>.debug_info</name>
         <load_address>0x193c</load_address>
         <run_address>0x193c</run_address>
         <size>0x111</size>
         <input_file_ref idref="fl-4"/>
      </object_component>
      <object_component id="oc-258">
         <name>.debug_info</name>
         <load_address>0x1a4d</load_address>
         <run_address>0x1a4d</run_address>
         <size>0x69</size>
         <input_file_ref idref="fl-4"/>
      </object_component>
      <object_component id="oc-298">
         <name>.debug_info</name>
         <load_address>0x1ab6</load_address>
         <run_address>0x1ab6</run_address>
         <size>0x3dc</size>
         <input_file_ref idref="fl-5"/>
      </object_component>
      <object_component id="oc-1b0">
         <name>.debug_info</name>
         <load_address>0x1e92</load_address>
         <run_address>0x1e92</run_address>
         <size>0x130</size>
         <input_file_ref idref="fl-5"/>
      </object_component>
      <object_component id="oc-291">
         <name>.debug_info</name>
         <load_address>0x1fc2</load_address>
         <run_address>0x1fc2</run_address>
         <size>0x2e2</size>
         <input_file_ref idref="fl-5"/>
      </object_component>
      <object_component id="oc-1be">
         <name>.debug_info</name>
         <load_address>0x22a4</load_address>
         <run_address>0x22a4</run_address>
         <size>0x2ae</size>
         <input_file_ref idref="fl-5"/>
      </object_component>
      <object_component id="oc-1df">
         <name>.debug_info</name>
         <load_address>0x2552</load_address>
         <run_address>0x2552</run_address>
         <size>0x1e4</size>
         <input_file_ref idref="fl-5"/>
      </object_component>
      <object_component id="oc-1c4">
         <name>.debug_info</name>
         <load_address>0x2736</load_address>
         <run_address>0x2736</run_address>
         <size>0x32d</size>
         <input_file_ref idref="fl-5"/>
      </object_component>
      <object_component id="oc-1e5">
         <name>.debug_info</name>
         <load_address>0x2a63</load_address>
         <run_address>0x2a63</run_address>
         <size>0x4f9</size>
         <input_file_ref idref="fl-5"/>
      </object_component>
      <object_component id="oc-244">
         <name>.debug_info</name>
         <load_address>0x2f5c</load_address>
         <run_address>0x2f5c</run_address>
         <size>0x112</size>
         <input_file_ref idref="fl-5"/>
      </object_component>
      <object_component id="oc-380">
         <name>.debug_info</name>
         <load_address>0x306e</load_address>
         <run_address>0x306e</run_address>
         <size>0x110</size>
         <input_file_ref idref="fl-5"/>
      </object_component>
      <object_component id="oc-3a6">
         <name>.debug_info</name>
         <load_address>0x317e</load_address>
         <run_address>0x317e</run_address>
         <size>0x217</size>
         <input_file_ref idref="fl-6"/>
      </object_component>
      <object_component id="oc-39a">
         <name>.debug_info</name>
         <load_address>0x3395</load_address>
         <run_address>0x3395</run_address>
         <size>0xcd</size>
         <input_file_ref idref="fl-6"/>
      </object_component>
      <object_component id="oc-39d">
         <name>.debug_info</name>
         <load_address>0x3462</load_address>
         <run_address>0x3462</run_address>
         <size>0xcd</size>
         <input_file_ref idref="fl-6"/>
      </object_component>
      <object_component id="oc-3a0">
         <name>.debug_info</name>
         <load_address>0x352f</load_address>
         <run_address>0x352f</run_address>
         <size>0x11f</size>
         <input_file_ref idref="fl-6"/>
      </object_component>
      <object_component id="oc-279">
         <name>.debug_info</name>
         <load_address>0x364e</load_address>
         <run_address>0x364e</run_address>
         <size>0x1f5</size>
         <input_file_ref idref="fl-6"/>
      </object_component>
      <object_component id="oc-1ca">
         <name>.debug_info</name>
         <load_address>0x3843</load_address>
         <run_address>0x3843</run_address>
         <size>0x1e0</size>
         <input_file_ref idref="fl-8"/>
      </object_component>
      <object_component id="oc-217">
         <name>.debug_info</name>
         <load_address>0x3a23</load_address>
         <run_address>0x3a23</run_address>
         <size>0xbc</size>
         <input_file_ref idref="fl-8"/>
      </object_component>
      <object_component id="oc-263">
         <name>.debug_info</name>
         <load_address>0x3adf</load_address>
         <run_address>0x3adf</run_address>
         <size>0xc8</size>
         <input_file_ref idref="fl-8"/>
      </object_component>
      <object_component id="oc-214">
         <name>.debug_info</name>
         <load_address>0x3ba7</load_address>
         <run_address>0x3ba7</run_address>
         <size>0x100</size>
         <input_file_ref idref="fl-8"/>
      </object_component>
      <object_component id="oc-179">
         <name>.debug_info</name>
         <load_address>0x3ca7</load_address>
         <run_address>0x3ca7</run_address>
         <size>0x104</size>
         <input_file_ref idref="fl-8"/>
      </object_component>
      <object_component id="oc-1a4">
         <name>.debug_info</name>
         <load_address>0x3dab</load_address>
         <run_address>0x3dab</run_address>
         <size>0x10e</size>
         <input_file_ref idref="fl-8"/>
      </object_component>
      <object_component id="oc-25d">
         <name>.debug_info</name>
         <load_address>0x3eb9</load_address>
         <run_address>0x3eb9</run_address>
         <size>0x112</size>
         <input_file_ref idref="fl-8"/>
      </object_component>
      <object_component id="oc-206">
         <name>.debug_info</name>
         <load_address>0x3fcb</load_address>
         <run_address>0x3fcb</run_address>
         <size>0x9a</size>
         <input_file_ref idref="fl-8"/>
      </object_component>
      <object_component id="oc-20b">
         <name>.debug_info</name>
         <load_address>0x4065</load_address>
         <run_address>0x4065</run_address>
         <size>0x5e</size>
         <input_file_ref idref="fl-8"/>
      </object_component>
      <object_component id="oc-1a1">
         <name>.debug_info</name>
         <load_address>0x40c3</load_address>
         <run_address>0x40c3</run_address>
         <size>0x8d5</size>
         <input_file_ref idref="fl-9"/>
      </object_component>
      <object_component id="oc-27f">
         <name>.debug_info</name>
         <load_address>0x4998</load_address>
         <run_address>0x4998</run_address>
         <size>0xef</size>
         <input_file_ref idref="fl-9"/>
      </object_component>
      <object_component id="oc-26d">
         <name>.debug_info</name>
         <load_address>0x4a87</load_address>
         <run_address>0x4a87</run_address>
         <size>0xf7</size>
         <input_file_ref idref="fl-9"/>
      </object_component>
      <object_component id="oc-267">
         <name>.debug_info</name>
         <load_address>0x4b7e</load_address>
         <run_address>0x4b7e</run_address>
         <size>0xed</size>
         <input_file_ref idref="fl-9"/>
      </object_component>
      <object_component id="oc-1aa">
         <name>.debug_info</name>
         <load_address>0x4c6b</load_address>
         <run_address>0x4c6b</run_address>
         <size>0x1a4</size>
         <input_file_ref idref="fl-9"/>
      </object_component>
      <object_component id="oc-1d3">
         <name>.debug_info</name>
         <load_address>0x4e0f</load_address>
         <run_address>0x4e0f</run_address>
         <size>0x127</size>
         <input_file_ref idref="fl-9"/>
      </object_component>
      <object_component id="oc-138">
         <name>.debug_info</name>
         <load_address>0x4f36</load_address>
         <run_address>0x4f36</run_address>
         <size>0x2c1</size>
         <input_file_ref idref="fl-9"/>
      </object_component>
      <object_component id="oc-ff">
         <name>.debug_info</name>
         <load_address>0x51f7</load_address>
         <run_address>0x51f7</run_address>
         <size>0xfc</size>
         <input_file_ref idref="fl-9"/>
      </object_component>
      <object_component id="oc-23f">
         <name>.debug_info</name>
         <load_address>0x52f3</load_address>
         <run_address>0x52f3</run_address>
         <size>0x4b1</size>
         <input_file_ref idref="fl-9"/>
      </object_component>
      <object_component id="oc-249">
         <name>.debug_info</name>
         <load_address>0x57a4</load_address>
         <run_address>0x57a4</run_address>
         <size>0xb0</size>
         <input_file_ref idref="fl-9"/>
      </object_component>
      <object_component id="oc-253">
         <name>.debug_info</name>
         <load_address>0x5854</load_address>
         <run_address>0x5854</run_address>
         <size>0x5e</size>
         <input_file_ref idref="fl-9"/>
      </object_component>
      <object_component id="oc-211">
         <name>.debug_info</name>
         <load_address>0x58b2</load_address>
         <run_address>0x58b2</run_address>
         <size>0x19a</size>
         <input_file_ref idref="fl-a"/>
      </object_component>
      <object_component id="oc-173">
         <name>.debug_info</name>
         <load_address>0x5a4c</load_address>
         <run_address>0x5a4c</run_address>
         <size>0x117</size>
         <input_file_ref idref="fl-a"/>
      </object_component>
      <object_component id="oc-393">
         <name>.debug_info</name>
         <load_address>0x5b63</load_address>
[...]
         <value>0x4886</value>
         <object_component_ref idref="oc-104"/>
      </symbol>
      <symbol id="sm-5c5">
         <name>PCUARTInit</name>
         <value>0x12ea4</value>
         <object_component_ref idref="oc-272"/>
      </symbol>
      <symbol id="sm-6d4">
         <name>get_fattime</name>
         <value>0x13db6</value>
         <object_component_ref idref="oc-301"/>
      </symbol>
      <symbol id="sm-6d5">
         <name>disk_status</name>
         <value>0x13d8e</value>
         <object_component_ref idref="oc-3ed"/>
      </symbol>
      <symbol id="sm-6d6">
         <name>disk_read</name>
         <value>0x12c70</value>
         <object_component_ref idref="oc-3ce"/>
      </symbol>
      <symbol id="sm-6d7">
         <name>disk_initialize</name>
         <value>0x11bce</value>
         <object_component_ref idref="oc-4d2"/>
      </symbol>
      <symbol id="sm-6d8">
         <name>disk_ioctl</name>
         <value>0x11542</value>
         <object_component_ref idref="oc-426"/>
      </symbol>
      <symbol id="sm-6d9">
         <name>disk_write</name>
         <value>0x12620</value>
         <object_component_ref idref="oc-2ef"/>
      </symbol>
      <symbol id="sm-950">
         <name>f_sync</name>
         <value>0x126f2</value>
         <object_component_ref idref="oc-1cc"/>
      </symbol>
      <symbol id="sm-951">
         <name>f_printf</name>
         <value>0x104f4</value>
         <object_component_ref idref="oc-1b7"/>
      </symbol>
      <symbol id="sm-952">
         <name>clust2sect</name>
         <value>0x137a8</value>
         <object_component_ref idref="oc-3c8"/>
      </symbol>
      <symbol id="sm-953">
         <name>put_fat</name>
         <value>0x11a3e</value>
         <object_component_ref idref="oc-48e"/>
      </symbol>
      <symbol id="sm-954">
         <name>f_write</name>
         <value>0x10d2e</value>
         <object_component_ref idref="oc-2ad"/>
      </symbol>
      <symbol id="sm-955">
         <name>f_close</name>
         <value>0x13b98</value>
         <object_component_ref idref="oc-1ed"/>
      </symbol>
      <symbol id="sm-956">
         <name>f_open</name>
         <value>0x10fc2</value>
         <object_component_ref idref="oc-36c"/>
      </symbol>
      <symbol id="sm-957">
         <name>f_lseek</name>
         <value>0x107f8</value>
         <object_component_ref idref="oc-372"/>
      </symbol>
      <symbol id="sm-958">
         <name>f_stat</name>
         <value>0x1324a</value>
         <object_component_ref idref="oc-366"/>
      </symbol>
      <symbol id="sm-959">
         <name>f_mount</name>
         <value>0x12f26</value>
         <object_component_ref idref="oc-358"/>
      </symbol>
      <symbol id="sm-95a">
         <name>get_fat</name>
         <value>0x11ecc</value>
         <object_component_ref idref="oc-471"/>
      </symbol>
      <symbol id="sm-970">
         <name>__TI_decompress_none</name>
         <value>0x13d26</value>
         <object_component_ref idref="oc-71"/>
      </symbol>
      <symbol id="sm-992">
         <name>__TI_decompress_rle24</name>
         <value>0x13dd6</value>
         <object_component_ref idref="oc-77"/>
      </symbol>
      <symbol id="sm-995">
         <name>__TI_int30</name>
         <value>0xffcc</value>
         <object_component_ref idref="oc-7d"/>
      </symbol>
      <symbol id="sm-99d">
         <name>__TI_ISR_TRAP</name>
         <value>0x491c</value>
         <object_component_ref idref="oc-f9"/>
      </symbol>
      <symbol id="sm-9a0">
         <name>__TI_int31</name>
         <value>0xffce</value>
         <object_component_ref idref="oc-7e"/>
      </symbol>
      <symbol id="sm-9a3">
         <name>__TI_int32</name>
         <value>0xffd0</value>
         <object_component_ref idref="oc-7f"/>
      </symbol>
      <symbol id="sm-9a6">
         <name>__TI_int33</name>
         <value>0xffd2</value>
         <object_component_ref idref="oc-80"/>
      </symbol>
      <symbol id="sm-9a9">
         <name>__TI_int34</name>
         <value>0xffd4</value>
         <object_component_ref idref="oc-81"/>
      </symbol>
      <symbol id="sm-9ac">
         <name>__TI_int35</name>
         <value>0xffd6</value>
         <object_component_ref idref="oc-82"/>
      </symbol>
      <symbol id="sm-9af">
         <name>__TI_int36</name>
         <value>0xffd8</value>
         <object_component_ref idref="oc-83"/>
      </symbol>
      <symbol id="sm-9b2">
         <name>__TI_int37</name>
         <value>0xffda</value>
         <object_component_ref idref="oc-84"/>
      </symbol>
      <symbol id="sm-9b5">
         <name>__TI_int38</name>
         <value>0xffdc</value>
         <object_component_ref idref="oc-85"/>
      </symbol>
      <symbol id="sm-9b8">
         <name>__TI_int39</name>
         <value>0xffde</value>
         <object_component_ref idref="oc-86"/>
      </symbol>
      <symbol id="sm-9bb">
         <name>__TI_int40</name>
         <value>0xffe0</value>
         <object_component_ref idref="oc-87"/>
      </symbol>
      <symbol id="sm-9be">
         <name>__TI_int42</name>
         <value>0xffe4</value>
         <object_component_ref idref="oc-89"/>
      </symbol>
      <symbol id="sm-9c1">
         <name>__TI_int44</name>
         <value>0xffe8</value>
         <object_component_ref idref="oc-8b"/>
      </symbol>
      <symbol id="sm-9c4">
         <name>__TI_int45</name>
         <value>0xffea</value>
         <object_component_ref idref="oc-8c"/>
      </symbol>
      <symbol id="sm-9c7">
         <name>__TI_int46</name>
         <value>0xffec</value>
         <object_component_ref idref="oc-8d"/>
      </symbol>
      <symbol id="sm-9ca">
         <name>__TI_int48</name>
         <value>0xfff0</value>
         <object_component_ref idref="oc-8f"/>
      </symbol>
      <symbol id="sm-9cd">
         <name>__TI_int49</name>
         <value>0xfff2</value>
         <object_component_ref idref="oc-90"/>
      </symbol>
      <symbol id="sm-9d0">
         <name>__TI_int50</name>
         <value>0xfff4</value>
         <object_component_ref idref="oc-91"/>
      </symbol>
      <symbol id="sm-9d3">
         <name>__TI_int51</name>
         <value>0xfff6</value>
         <object_component_ref idref="oc-92"/>
      </symbol>
      <symbol id="sm-9d6">
         <name>__TI_int52</name>
         <value>0xfff8</value>
         <object_component_ref idref="oc-93"/>
      </symbol>
      <symbol id="sm-9d9">
         <name>__TI_int53</name>
         <value>0xfffa</value>
         <object_component_ref idref="oc-94"/>
      </symbol>
      <symbol id="sm-9dc">
         <name>__TI_int54</name>
         <value>0xfffc</value>
         <object_component_ref idref="oc-95"/>
      </symbol>
      <symbol id="sm-9ef">
         <name>__TI_zero_init</name>
         <value>0x13b30</value>
         <object_component_ref idref="oc-96"/>
      </symbol>
      <symbol id="sm-a14">
         <name>__mspabi_subf</name>
         <value>0x12014</value>
         <object_component_ref idref="oc-32a"/>
      </symbol>
      <symbol id="sm-a15">
         <name>__mspabi_addf</name>
         <value>0x1201a</value>
         <object_component_ref idref="oc-32a"/>
      </symbol>
      <symbol id="sm-a21">
         <name>__mspabi_remi</name>
         <value>0x13ade</value>
         <object_component_ref idref="oc-361"/>
      </symbol>
      <symbol id="sm-a22">
         <name>__mspabi_divi</name>
         <value>0x13ade</value>
         <object_component_ref idref="oc-361"/>
      </symbol>
      <symbol id="sm-a2f">
         <name>__mspabi_remli</name>
         <value>0x13768</value>
         <object_component_ref idref="oc-31b"/>
      </symbol>
      <symbol id="sm-a30">
         <name>__mspabi_divli</name>
         <value>0x13768</value>
         <object_component_ref idref="oc-31b"/>
      </symbol>
      <symbol id="sm-a3a">
         <name>__mspabi_remu</name>
         <value>0x13caa</value>
         <object_component_ref idref="oc-44b"/>
      </symbol>
      <symbol id="sm-a3b">
         <name>__mspabi_divu</name>
         <value>0x13caa</value>
         <object_component_ref idref="oc-44b"/>
      </symbol>
      <symbol id="sm-a4a">
         <name>__mspabi_remul</name>
         <value>0x133c6</value>
         <object_component_ref idref="oc-2a3"/>
      </symbol>
      <symbol id="sm-a4b">
         <name>__mspabi_divul</name>
         <value>0x133c6</value>
         <object_component_ref idref="oc-2a3"/>
      </symbol>
      <symbol id="sm-a65">
         <name>__mspabi_fixfli</name>
         <value>0x12fa4</value>
         <object_component_ref idref="oc-335"/>
      </symbol>
      <symbol id="sm-a7b">
         <name>__mspabi_fltlif</name>
         <value>0x13650</value>
         <object_component_ref idref="oc-325"/>
      </symbol>
      <symbol id="sm-aa1">
         <name>__mspabi_mpyf</name>
         <value>0x12936</value>
         <object_component_ref idref="oc-32f"/>
      </symbol>
      <symbol id="sm-aaf">
         <name>__mspabi_mpyi_f5hw</name>
         <value>0x13cc0</value>
         <object_component_ref idref="oc-2a8"/>
      </symbol>
      <symbol id="sm-ac2">
         <name>__mspabi_mpyl_f5hw</name>
         <value>0x13b76</value>
         <object_component_ref idref="oc-316"/>
      </symbol>
      <symbol id="sm-af6">
         <name>__mspabi_slll_9</name>
         <value>0x1383c</value>
         <object_component_ref idref="oc-320"/>
      </symbol>
      <symbol id="sm-af7">
         <name>__mspabi_slll_8</name>
         <value>0x13840</value>
         <object_component_ref idref="oc-320"/>
      </symbol>
      <symbol id="sm-af8">
         <name>__mspabi_slll_7</name>
         <value>0x13844</value>
         <object_component_ref idref="oc-320"/>
      </symbol>
      <symbol id="sm-af9">
         <name>__mspabi_slll_6</name>
         <value>0x13848</value>
         <object_component_ref idref="oc-320"/>
      </symbol>
      <symbol id="sm-afa">
         <name>__mspabi_slll_5</name>
         <value>0x1384c</value>
         <object_component_ref idref="oc-320"/>
      </symbol>
      <symbol id="sm-afb">
         <name>__mspabi_slll_4</name>
         <value>0x13850</value>
         <object_component_ref idref="oc-320"/>
      </symbol>
      <symbol id="sm-afc">
         <name>__mspabi_slll_3</name>
         <value>0x13854</value>
         <object_component_ref idref="oc-320"/>
      </symbol>
      <symbol id="sm-afd">
         <name>__mspabi_slll_2</name>
         <value>0x13858</value>
         <object_component_ref idref="oc-320"/>
      </symbol>
      <symbol id="sm-afe">
         <name>__mspabi_slll_1</name>
         <value>0x1385c</value>
         <object_component_ref idref="oc-320"/>
      </symbol>
      <symbol id="sm-aff">
         <name>__mspabi_slll</name>
         <value>0x13d7e</value>
         <object_component_ref idref="oc-345"/>
      </symbol>
      <symbol id="sm-b00">
         <name>__mspabi_slll_15</name>
         <value>0x13824</value>
         <object_component_ref idref="oc-320"/>
      </symbol>
      <symbol id="sm-b01">
         <name>__mspabi_slll_14</name>
         <value>0x13828</value>
         <object_component_ref idref="oc-320"/>
      </symbol>
      <symbol id="sm-b02">
         <name>__mspabi_slll_13</name>
         <value>0x1382c</value>
         <object_component_ref idref="oc-320"/>
      </symbol>
      <symbol id="sm-b03">
         <name>__mspabi_slll_12</name>
         <value>0x13830</value>
         <object_component_ref idref="oc-320"/>
      </symbol>
      <symbol id="sm-b04">
         <name>__mspabi_slll_11</name>
         <value>0x13834</value>
         <object_component_ref idref="oc-320"/>
      </symbol>
      <symbol id="sm-b05">
         <name>__mspabi_slll_10</name>
         <value>0x13838</value>
         <object_component_ref idref="oc-320"/>
      </symbol>
      <symbol id="sm-b15">
         <name>__mspabi_sral</name>
         <value>0x13d6e</value>
         <object_component_ref idref="oc-33b"/>
      </symbol>
      <symbol id="sm-b16">
         <name>__mspabi_sral_15</name>
         <value>0x137e6</value>
         <object_component_ref idref="oc-340"/>
      </symbol>
      <symbol id="sm-b17">
         <name>__mspabi_sral_14</name>
         <value>0x137ea</value>
         <object_component_ref idref="oc-340"/>
      </symbol>
      <symbol id="sm-b18">
         <name>__mspabi_sral_13</name>
         <value>0x137ee</value>
         <object_component_ref idref="oc-340"/>
      </symbol>
      <symbol id="sm-b19">
         <name>__mspabi_sral_12</name>
         <value>0x137f2</value>
         <object_component_ref idref="oc-340"/>
      </symbol>
      <symbol id="sm-b1a">
         <name>__mspabi_sral_11</name>
         <value>0x137f6</value>
         <object_component_ref idref="oc-340"/>
      </symbol>
      <symbol id="sm-b1b">
         <name>__mspabi_sral_10</name>
         <value>0x137fa</value>
         <object_component_ref idref="oc-340"/>
      </symbol>
      <symbol id="sm-b1c">
         <name>__mspabi_sral_8</name>
         <value>0x13802</value>
         <object_component_ref idref="oc-340"/>
      </symbol>
      <symbol id="sm-b1d">
         <name>__mspabi_sral_9</name>
         <value>0x137fe</value>
         <object_component_ref idref="oc-340"/>
      </symbol>
      <symbol id="sm-b1e">
         <name>__mspabi_sral_6</name>
         <value>0x1380a</value>
         <object_component_ref idref="oc-340"/>
      </symbol>
      <symbol id="sm-b1f">
         <name>__mspabi_sral_7</name>
         <value>0x13806</value>
         <object_component_ref idref="oc-340"/>
      </symbol>
      <symbol id="sm-b20">
         <name>__mspabi_sral_4</name>
         <value>0x13812</value>
         <object_component_ref idref="oc-340"/>
      </symbol>
      <symbol id="sm-b21">
         <name>__mspabi_sral_5</name>
         <value>0x1380e</value>
         <object_component_ref idref="oc-340"/>
      </symbol>
      <symbol id="sm-b22">
         <name>__mspabi_sral_2</name>
         <value>0x1381a</value>
         <object_component_ref idref="oc-340"/>
      </symbol>
      <symbol id="sm-b23">
         <name>__mspabi_sral_3</name>
         <value>0x13816</value>
         <object_component_ref idref="oc-340"/>
      </symbol>
      <symbol id="sm-b24">
         <name>__mspabi_sral_1</name>
         <value>0x1381e</value>
         <object_component_ref idref="oc-340"/>
      </symbol>
      <symbol id="sm-b2c">
         <name>__mspabi_srll_8</name>
         <value>0x1387e</value>
         <object_component_ref idref="oc-34a"/>
      </symbol>
      <symbol id="sm-b2d">
         <name>__mspabi_srll_9</name>
         <value>0x1387a</value>
         <object_component_ref idref="oc-34a"/>
      </symbol>
      <symbol id="sm-b2e">
         <name>__mspabi_srll_6</name>
         <value>0x13886</value>
         <object_component_ref idref="oc-34a"/>
      </symbol>
      <symbol id="sm-b2f">
         <name>__mspabi_srll_7</name>
         <value>0x13882</value>
         <object_component_ref idref="oc-34a"/>
      </symbol>
      <symbol id="sm-b30">
         <name>__mspabi_srll_4</name>
         <value>0x1388e</value>
         <object_component_ref idref="oc-34a"/>
      </symbol>
      <symbol id="sm-b31">
         <name>__mspabi_srll_5</name>
         <value>0x1388a</value>
         <object_component_ref idref="oc-34a"/>
      </symbol>
      <symbol id="sm-b32">
         <name>__mspabi_srll_2</name>
         <value>0x13896</value>
         <object_component_ref idref="oc-34a"/>
      </symbol>
      <symbol id="sm-b33">
         <name>__mspabi_srll_3</name>
         <value>0x13892</value>
         <object_component_ref idref="oc-34a"/>
      </symbol>
      <symbol id="sm-b34">
         <name>__mspabi_srll_1</name>
         <value>0x1389a</value>
         <object_component_ref idref="oc-34a"/>
      </symbol>
      <symbol id="sm-b35">
         <name>__mspabi_srll_15</name>
         <value>0x13862</value>
         <object_component_ref idref="oc-34a"/>
      </symbol>
      <symbol id="sm-b36">
         <name>__mspabi_srll_14</name>
         <value>0x13866</value>
         <object_component_ref idref="oc-34a"/>
      </symbol>
      <symbol id="sm-b37">
         <name>__mspabi_srll_13</name>
         <value>0x1386a</value>
         <object_component_ref idref="oc-34a"/>
      </symbol>
      <symbol id="sm-b38">
         <name>__mspabi_srll_12</name>
         <value>0x1386e</value>
         <object_component_ref idref="oc-34a"/>
      </symbol>
      <symbol id="sm-b39">
         <name>__mspabi_srll_11</name>
         <value>0x13872</value>
         <object_component_ref idref="oc-34a"/>
      </symbol>
      <symbol id="sm-b3a">
         <name>__mspabi_srll_10</name>
         <value>0x13876</value>
         <object_component_ref idref="oc-34a"/>
      </symbol>
      <symbol id="sm-b43">
         <name>_stack</name>
         <value>0x2360</value>
         <object_component_ref idref="oc-d8"/>
      </symbol>
      <symbol id="sm-b44">
         <name>_reset_vector</name>
         <value>0xfffe</value>
         <object_component_ref idref="oc-db"/>
      </symbol>
      <symbol id="sm-b62">
         <name>_auto_init_hold_wdt</name>
         <value>0x1310a</value>
         <object_component_ref idref="oc-11d"/>
      </symbol>
      <symbol id="sm-b6d">
         <name>_c_int00_noargs_noexit</name>
         <value>0x48f6</value>
         <object_component_ref idref="oc-b4"/>
      </symbol>
      <symbol id="sm-b77">
         <name>_system_pre_init</name>
         <value>0x13de8</value>
         <object_component_ref idref="oc-117"/>
      </symbol>
      <symbol id="sm-b82">
         <name>C$$EXIT</name>
         <value>0x13dec</value>
         <object_component_ref idref="oc-13f"/>
      </symbol>
      <symbol id="sm-b83">
         <name>abort</name>
         <value>0x13dec</value>
         <object_component_ref idref="oc-13f"/>
      </symbol>
      <symbol id="sm-b99">
         <name>_nop</name>
         <value>0x13df0</value>
         <object_component_ref idref="oc-22b"/>
      </symbol>
      <symbol id="sm-b9a">
         <name>_lock</name>
         <value>0x2176</value>
         <object_component_ref idref="oc-191"/>
      </symbol>
      <symbol id="sm-b9b">
         <name>_unlock</name>
         <value>0x217a</value>
         <object_component_ref idref="oc-19a"/>
      </symbol>
      <symbol id="sm-bdb">
         <name>_sys_memory</name>
         <value>0x4400</value>
         <object_component_ref idref="oc-dc"/>
      </symbol>
      <symbol id="sm-bdc">
         <name>malloc</name>
         <value>0x1287c</value>
         <object_component_ref idref="oc-3b4"/>
      </symbol>
      <symbol id="sm-bdd">
         <name>minit</name>
         <value>0x13726</value>
         <object_component_ref idref="oc-486"/>
      </symbol>
      <symbol id="sm-beb">
         <name>memcpy</name>
         <value>0x13d00</value>
         <object_component_ref idref="oc-df"/>
      </symbol>
      <symbol id="sm-bf0">
         <name>__TI_INITARRAY_Base</name>
         <value>0x0</value>
      </symbol>
      <symbol id="sm-bf1">
         <name>__TI_INITARRAY_Limit</name>
         <value>0x0</value>
      </symbol>
   </symbol_table>
   <title>Link successful</title>
</link_info>
