<?xml version="1.0"?>
<link_info>
   <banner>MSP430 Linker PC v4.4.3</banner>
   <copyright>Copyright (c) 2003-2015 Texas Instruments Incorporated</copyright>
   <link_time>0x55e4b28d</link_time>
   <link_errors>0x0</link_errors>
   <output_file>SpexHABLogger.out</output_file>
   <entry_point>
      <name>_c_int00_noargs_noexit</name>
      <address>0x48fe</address>
   </entry_point>
   <input_file_list>
      <input_file id="fl-2">
         <path>.\</path>
         <kind>object</kind>
         <file>SWI2C.obj</file>
         <name>SWI2C.obj</name>
      </input_file>
      <input_file id="fl-3">
         <path>.\</path>
         <kind>object</kind>
         <file>TII2C.obj</file>
         <name>TII2C.obj</name>
      </input_file>
      <input_file id="fl-4">
         <path>.\</path>
         <kind>object</kind>
         <file>bmpLib.obj</file>
         <name>bmpLib.obj</name>
      </input_file>
      <input_file id="fl-5">
         <path>.\</path>
         <kind>object</kind>
         <file>cw.obj</file>
         <name>cw.obj</name>
      </input_file>
      <input_file id="fl-6">
         <path>.\</path>
         <kind>object</kind>
         <file>dsLib.obj</file>
         <name>dsLib.obj</name>
      </input_file>
      <input_file id="fl-7">
         <path>.\</path>
         <kind>object</kind>
         <file>gps.obj</file>
         <name>gps.obj</name>
      </input_file>
      <input_file id="fl-8">
         <path>.\</path>
         <kind>object</kind>
         <file>main.obj</file>
         <name>main.obj</name>
      </input_file>
      <input_file id="fl-9">
         <path>.\</path>
         <kind>object</kind>
         <file>queue.obj</file>
         <name>queue.obj</name>
      </input_file>
      <input_file id="fl-a">
         <path>.\</path>
         <kind>object</kind>
         <file>sd.obj</file>
         <name>sd.obj</name>
      </input_file>
      <input_file id="fl-b">
         <path>.\</path>
         <kind>object</kind>
         <file>uart.obj</file>
         <name>uart.obj</name>
      </input_file>
      <input_file id="fl-c">
         <path>.\FatFS\</path>
         <kind>object</kind>
         <file>diskio.obj</file>
         <name>diskio.obj</name>
      </input_file>
      <input_file id="fl-d">
         <path>.\FatFS\</path>
         <kind>object</kind>
         <file>ff.obj</file>
         <name>ff.obj</name>
      </input_file>
      <input_file id="fl-42">
         <path>C:\ti\ccsv6\tools\compiler\ti-cgt-msp430_4.4.3\lib\</path>
         <kind>archive</kind>
         <file>rts430x_lc_rd_eabi.lib</file>
         <name>copy_decompress_none.obj</name>
      </input_file>
      <input_file id="fl-43">
         <path>C:\ti\ccsv6\tools\compiler\ti-cgt-msp430_4.4.3\lib\</path>
         <kind>archive</kind>
         <file>rts430x_lc_rd_eabi.lib</file>
         <name>copy_decompress_rle.obj</name>
      </input_file>
      <input_file id="fl-44">
         <path>C:\ti\ccsv6\tools\compiler\ti-cgt-msp430_4.4.3\lib\</path>
         <kind>archive</kind>
         <file>rts430x_lc_rd_eabi.lib</file>
         <name>int30.obj</name>
      </input_file>
      <input_file id="fl-45">
         <path>C:\ti\ccsv6\tools\compiler\ti-cgt-msp430_4.4.3\lib\</path>
         <kind>archive</kind>
         <file>rts430x_lc_rd_eabi.lib</file>
         <name>isr_trap.obj</name>
      </input_file>
      <input_file id="fl-46">
         <path>C:\ti\ccsv6\tools\compiler\ti-cgt-msp430_4.4.3\lib\</path>
         <kind>archive</kind>
         <file>rts430x_lc_rd_eabi.lib</file>
         <name>int31.obj</name>
      </input_file>
      <input_file id="fl-47">
         <path>C:\ti\ccsv6\tools\compiler\ti-cgt-msp430_4.4.3\lib\</path>
         <kind>archive</kind>
         <file>rts430x_lc_rd_eabi.lib</file>
         <name>int32.obj</name>
      </input_file>
      <input_file id="fl-48">
         <path>C:\ti\ccsv6\tools\compiler\ti-cgt-msp430_4.4.3\lib\</path>
         <kind>archive</kind>
         <file>rts430x_lc_rd_eabi.lib</file>
         <name>int33.obj</name>
      </input_file>
      <input_file id="fl-49">
         <path>C:\ti\ccsv6\tools\compiler\ti-cgt-msp430_4.4.3\lib\</path>
         <kind>archive</kind>
         <file>rts430x_lc_rd_eabi.lib</file>
         <name>int34.obj</name>
      </input_file>
      <input_file id="fl-4a">
         <path>C:\ti\ccsv6\tools\compiler\ti-cgt-msp430_4.4.3\lib\</path>
         <kind>archive</kind>
         <file>rts430x_lc_rd_eabi.lib</file>
         <name>int35.obj</name>
      </input_file>
      <input_file id="fl-4b">
         <path>C:\ti\ccsv6\tools\compiler\ti-cgt-msp430_4.4.3\lib\</path>
         <kind>archive</kind>
         <file>rts430x_lc_rd_eabi.lib</file>
         <name>int36.obj</name>
      </input_file>
      <input_file id="fl-4c">
         <path>C:\ti\ccsv6\tools\compiler\ti-cgt-msp430_4.4.3\lib\</path>
         <kind>archive</kind>
         <file>rts430x_lc_rd_eabi.lib</file>
         <name>int37.obj</name>
      </input_file>
      <input_file id="fl-4d">
         <path>C:\ti\ccsv6\tools\compiler\ti-cgt-msp430_4.4.3\lib\</path>
         <kind>archive</kind>
         <file>rts430x_lc_rd_eabi.lib</file>
         <name>int38.obj</name>
      </input_file>
      <input_file id="fl-4e">
         <path>C:\ti\ccsv6\tools\compiler\ti-cgt-msp430_4.4.3\lib\</path>
         <kind>archive</kind>
         <file>rts430x_lc_rd_eabi.lib</file>
         <name>int39.obj</name>
      </input_file>
      <input_file id="fl-4f">
         <path>C:\ti\ccsv6\tools\compiler\ti-cgt-msp430_4.4.3\lib\</path>
         <kind>archive</kind>
         <file>rts430x_lc_rd_eabi.lib</file>
         <name>int40.obj</name>
      </input_file>
      <input_file id="fl-50">
         <path>C:\ti\ccsv6\tools\compiler\ti-cgt-msp430_4.4.3\lib\</path>
         <kind>archive</kind>
         <file>rts430x_lc_rd_eabi.lib</file>
         <name>int42.obj</name>
      </input_file>
      <input_file id="fl-51">
         <path>C:\ti\ccsv6\tools\compiler\ti-cgt-msp430_4.4.3\lib\</path>
         <kind>archive</kind>
         <file>rts430x_lc_rd_eabi.lib</file>
         <name>int43.obj</name>
      </input_file>
      <input_file id="fl-52">
         <path>C:\ti\ccsv6\tools\compiler\ti-cgt-msp430_4.4.3\lib\</path>
         <kind>archive</kind>
         <file>rts430x_lc_rd_eabi.lib</file>
         <name>int44.obj</name>
      </input_file>
      <input_file id="fl-53">
         <path>C:\ti\ccsv6\tools\compiler\ti-cgt-msp430_4.4.3\lib\</path>
         <kind>archive</kind>
         <file>rts430x_lc_rd_eabi.lib</file>
         <name>int45.obj</name>
      </input_file>
      <input_file id="fl-54">
         <path>C:\ti\ccsv6\tools\compiler\ti-cgt-msp430_4.4.3\lib\</path>
         <kind>archive</kind>
         <file>rts430x_lc_rd_eabi.lib</file>
         <name>int46.obj</name>
      </input_file>
      <input_file id="fl-55">
         <path>C:\ti\ccsv6\tools\compiler\ti-cgt-msp430_4.4.3\lib\</path>
         <kind>archive</kind>
         <file>rts430x_lc_rd_eabi.lib</file>
         <name>int49.obj</name>
      </input_file>
      <input_file id="fl-56">
         <path>C:\ti\ccsv6\tools\compiler\ti-cgt-msp430_4.4.3\lib\</path>
         <kind>archive</kind>
         <file>rts430x_lc_rd_eabi.lib</file>
         <name>int50.obj</name>
      </input_file>
      <input_file id="fl-57">
         <path>C:\ti\ccsv6\tools\compiler\ti-cgt-msp430_4.4.3\lib\</path>
         <kind>archive</kind>
         <file>rts430x_lc_rd_eabi.lib</file>
         <name>int51.obj</name>
      </input_file>
      <input_file id="fl-58">
         <path>C:\ti\ccsv6\tools\compiler\ti-cgt-msp430_4.4.3\lib\</path>
         <kind>archive</kind>
         <file>rts430x_lc_rd_eabi.lib</file>
         <name>int52.obj</name>
      </input_file>
      <input_file id="fl-59">
         <path>C:\ti\ccsv6\tools\compiler\ti-cgt-msp430_4.4.3\lib\</path>
         <kind>archive</kind>
         <file>rts430x_lc_rd_eabi.lib</file>
         <name>int53.obj</name>
      </input_file>
      <input_file id="fl-5a">
         <path>C:\ti\ccsv6\tools\compiler\ti-cgt-msp430_4.4.3\lib\</path>
         <kind>archive</kind>
         <file>rts430x_lc_rd_eabi.lib</file>
         <name>int54.obj</name>
      </input_file>
      <input_file id="fl-5b">
         <path>C:\ti\ccsv6\tools\compiler\ti-cgt-msp430_4.4.3\lib\</path>
         <kind>archive</kind>
         <file>rts430x_lc_rd_eabi.lib</file>
         <name>copy_zero_init.obj</name>
      </input_file>
      <input_file id="fl-5c">
         <path>C:\ti\ccsv6\tools\compiler\ti-cgt-msp430_4.4.3\lib\</path>
         <kind>archive</kind>
         <file>rts430x_lc_rd_eabi.lib</file>
         <name>fs_add.obj</name>
      </input_file>
      <input_file id="fl-5d">
         <path>C:\ti\ccsv6\tools\compiler\ti-cgt-msp430_4.4.3\lib\</path>
         <kind>archive</kind>
         <file>rts430x_lc_rd_eabi.lib</file>
         <name>fs_div.obj</name>
      </input_file>
      <input_file id="fl-5e">
         <path>C:\ti\ccsv6\tools\compiler\ti-cgt-msp430_4.4.3\lib\</path>
         <kind>archive</kind>
         <file>rts430x_lc_rd_eabi.lib</file>
         <name>div16s.obj</name>
      </input_file>
      <input_file id="fl-5f">
         <path>C:\ti\ccsv6\tools\compiler\ti-cgt-msp430_4.4.3\lib\</path>
         <kind>archive</kind>
         <file>rts430x_lc_rd_eabi.lib</file>
         <name>div32s.obj</name>
      </input_file>
      <input_file id="fl-60">
         <path>C:\ti\ccsv6\tools\compiler\ti-cgt-msp430_4.4.3\lib\</path>
         <kind>archive</kind>
         <file>rts430x_lc_rd_eabi.lib</file>
         <name>div16u.obj</name>
      </input_file>
      <input_file id="fl-61">
         <path>C:\ti\ccsv6\tools\compiler\ti-cgt-msp430_4.4.3\lib\</path>
         <kind>archive</kind>
         <file>rts430x_lc_rd_eabi.lib</file>
         <name>div32u.obj</name>
      </input_file>
      <input_file id="fl-62">
         <path>C:\ti\ccsv6\tools\compiler\ti-cgt-msp430_4.4.3\lib\</path>
         <kind>archive</kind>
         <file>rts430x_lc_rd_eabi.lib</file>
         <name>fs_tol.obj</name>
      </input_file>
      <input_file id="fl-63">
         <path>C:\ti\ccsv6\tools\compiler\ti-cgt-msp430_4.4.3\lib\</path>
         <kind>archive</kind>
         <file>rts430x_lc_rd_eabi.lib</file>
         <name>fs_ltof.obj</name>
      </input_file>
      <input_file id="fl-64">
         <path>C:\ti\ccsv6\tools\compiler\ti-cgt-msp430_4.4.3\lib\</path>
         <kind>archive</kind>
         <file>rts430x_lc_rd_eabi.lib</file>
         <name>fs_mpy.obj</name>
      </input_file>
      <input_file id="fl-65">
         <path>C:\ti\ccsv6\tools\compiler\ti-cgt-msp430_4.4.3\lib\</path>
         <kind>archive</kind>
         <file>rts430x_lc_rd_eabi.lib</file>
         <name>mult16.obj</name>
      </input_file>
      <input_file id="fl-66">
         <path>C:\ti\ccsv6\tools\compiler\ti-cgt-msp430_4.4.3\lib\</path>
         <kind>archive</kind>
         <file>rts430x_lc_rd_eabi.lib</file>
         <name>mult16_f5hw.obj</name>
      </input_file>
      <input_file id="fl-67">
         <path>C:\ti\ccsv6\tools\compiler\ti-cgt-msp430_4.4.3\lib\</path>
         <kind>archive</kind>
         <file>rts430x_lc_rd_eabi.lib</file>
         <name>mult32.obj</name>
      </input_file>
      <input_file id="fl-68">
         <path>C:\ti\ccsv6\tools\compiler\ti-cgt-msp430_4.4.3\lib\</path>
         <kind>archive</kind>
         <file>rts430x_lc_rd_eabi.lib</file>
         <name>mult32_f5hw.obj</name>
      </input_file>
      <input_file id="fl-69">
         <path>C:\ti\ccsv6\tools\compiler\ti-cgt-msp430_4.4.3\lib\</path>
         <kind>archive</kind>
         <file>rts430x_lc_rd_eabi.lib</file>
         <name>mult64_f5hw.obj</name>
      </input_file>
      <input_file id="fl-6a">
         <path>C:\ti\ccsv6\tools\compiler\ti-cgt-msp430_4.4.3\lib\</path>
         <kind>archive</kind>
         <file>rts430x_lc_rd_eabi.lib</file>
         <name>mult1632_f5hw.obj</name>
      </input_file>
      <input_file id="fl-6b">
         <path>C:\ti\ccsv6\tools\compiler\ti-cgt-msp430_4.4.3\lib\</path>
         <kind>archive</kind>
         <file>rts430x_lc_rd_eabi.lib</file>
         <name>mult3264_f5hw.obj</name>
      </input_file>
      <input_file id="fl-6c">
         <path>C:\ti\ccsv6\tools\compiler\ti-cgt-msp430_4.4.3\lib\</path>
         <kind>archive</kind>
         <file>rts430x_lc_rd_eabi.lib</file>
         <name>lsl32.obj</name>
      </input_file>
      <input_file id="fl-6d">
         <path>C:\ti\ccsv6\tools\compiler\ti-cgt-msp430_4.4.3\lib\</path>
         <kind>archive</kind>
         <file>rts430x_lc_rd_eabi.lib</file>
         <name>asr32.obj</name>
      </input_file>
      <input_file id="fl-6e">
         <path>C:\ti\ccsv6\tools\compiler\ti-cgt-msp430_4.4.3\lib\</path>
         <kind>archive</kind>
         <file>rts430x_lc_rd_eabi.lib</file>
         <name>lsr32.obj</name>
      </input_file>
      <input_file id="fl-6f">
         <path>C:\ti\ccsv6\tools\compiler\ti-cgt-msp430_4.4.3\lib\</path>
         <kind>archive</kind>
         <file>rts430x_lc_rd_eabi.lib</file>
         <name>boot.obj</name>
      </input_file>
      <input_file id="fl-70">
         <path>C:\ti\ccsv6\tools\compiler\ti-cgt-msp430_4.4.3\lib\</path>
         <kind>archive</kind>
         <file>rts430x_lc_rd_eabi.lib</file>
         <name>args_main.obj</name>
      </input_file>
      <input_file id="fl-71">
         <path>C:\ti\ccsv6\tools\compiler\ti-cgt-msp430_4.4.3\lib\</path>
         <kind>archive</kind>
         <file>rts430x_lc_rd_eabi.lib</file>
         <name>autoinit_wdt.obj</name>
      </input_file>
      <input_file id="fl-72">
         <path>C:\ti\ccsv6\tools\compiler\ti-cgt-msp430_4.4.3\lib\</path>
         <kind>archive</kind>
         <file>rts430x_lc_rd_eabi.lib</file>
         <name>boot_special.obj</name>
      </input_file>
      <input_file id="fl-73">
         <path>C:\ti\ccsv6\tools\compiler\ti-cgt-msp430_4.4.3\lib\</path>
         <kind>archive</kind>
         <file>rts430x_lc_rd_eabi.lib</file>
         <name>mpu_init.obj</name>
      </input_file>
      <input_file id="fl-74">
         <path>C:\ti\ccsv6\tools\compiler\ti-cgt-msp430_4.4.3\lib\</path>
         <kind>archive</kind>
         <file>rts430x_lc_rd_eabi.lib</file>
         <name>pre_init.obj</name>
      </input_file>
      <input_file id="fl-75">
         <path>C:\ti\ccsv6\tools\compiler\ti-cgt-msp430_4.4.3\lib\</path>
         <kind>archive</kind>
         <file>rts430x_lc_rd_eabi.lib</file>
         <name>exit.obj</name>
      </input_file>
      <input_file id="fl-76">
         <path>C:\ti\ccsv6\tools\compiler\ti-cgt-msp430_4.4.3\lib\</path>
         <kind>archive</kind>
         <file>rts430x_lc_rd_eabi.lib</file>
         <name>_lock.obj</name>
      </input_file>
      <input_file id="fl-77">
         <path>C:\ti\ccsv6\tools\compiler\ti-cgt-msp430_4.4.3\lib\</path>
         <kind>archive</kind>
         <file>rts430x_lc_rd_eabi.lib</file>
         <name>memory.obj</name>
      </input_file>
      <input_file id="fl-78">
         <path>C:\ti\ccsv6\tools\compiler\ti-cgt-msp430_4.4.3\lib\</path>
         <kind>archive</kind>
         <file>rts430x_lc_rd_eabi.lib</file>
         <name>memcpy.obj</name>
      </input_file>
   </input_file_list>
   <object_component_list>
      <object_component id="oc-dc">
         <name>.sysmem</name>
         <uninitialized>true</uninitialized>
         <run_address>0x4400</run_address>
         <size>0x6</size>
         <input_file_ref idref="fl-77"/>
      </object_component>
      <object_component id="oc-54d">
         <name>.sysmem</name>
         <uninitialized>true</uninitialized>
         <run_address>0x4400</run_address>
         <size>0x0</size>
      </object_component>
      <object_component id="oc-54b">
         <name>.cinit..data.load</name>
         <load_address>0x49c8</load_address>
         <run_address>0x49c8</run_address>
         <size>0x79</size>
      </object_component>
      <object_component id="oc-548">
         <name>__TI_handler_table</name>
         <load_address>0x4a42</load_address>
         <run_address>0x4a42</run_address>
         <size>0xc</size>
      </object_component>
      <object_component id="oc-54a">
         <name>.cinit..bss.load</name>
         <load_address>0x4a4e</load_address>
         <run_address>0x4a4e</run_address>
         <size>0x6</size>
      </object_component>
      <object_component id="oc-549">
         <name>__TI_cinit_table</name>
         <load_address>0x4a54</load_address>
         <run_address>0x4a54</run_address>
         <size>0x10</size>
      </object_component>
      <object_component id="oc-1b8">
         <name>.const:.string</name>
         <load_address>0x492a</load_address>
         <run_address>0x492a</run_address>
         <size>0x74</size>
         <input_file_ref idref="fl-8"/>
      </object_component>
      <object_component id="oc-4c9">
         <name>.const:.string</name>
         <load_address>0x499e</load_address>
         <run_address>0x499e</run_address>
         <size>0x10</size>
         <input_file_ref idref="fl-d"/>
      </object_component>
      <object_component id="oc-348">
         <name>.const:.string:$P$T0$1</name>
         <load_address>0x49ae</load_address>
         <run_address>0x49ae</run_address>
         <size>0xc</size>
         <input_file_ref idref="fl-a"/>
      </object_component>
      <object_component id="oc-320">
         <name>.const:.string:bmpCalRegs$1</name>
         <load_address>0x49ba</load_address>
         <run_address>0x49ba</run_address>
         <size>0xb</size>
         <input_file_ref idref="fl-4"/>
      </object_component>
      <object_component id="oc-33e">
         <name>.const:.string</name>
         <load_address>0x49c6</load_address>
         <run_address>0x49c6</run_address>
         <size>0x2</size>
         <input_file_ref idref="fl-a"/>
      </object_component>
      <object_component id="oc-104">
         <name>.text:_isr:USCI_B0_ISR</name>
         <load_address>0x4800</load_address>
         <run_address>0x4800</run_address>
         <size>0x86</size>
         <input_file_ref idref="fl-3"/>
      </object_component>
      <object_component id="oc-10a">
         <name>.text:_isr:USCI_A0_ISR</name>
         <load_address>0x4886</load_address>
         <run_address>0x4886</run_address>
         <size>0x78</size>
         <input_file_ref idref="fl-b"/>
      </object_component>
      <object_component id="oc-b4">
         <name>.text:_isr:_c_int00_noargs_noexit</name>
         <load_address>0x48fe</load_address>
         <run_address>0x48fe</run_address>
         <size>0x1a</size>
         <input_file_ref idref="fl-72"/>
      </object_component>
      <object_component id="oc-fe">
         <name>.text:_isr:Timer_A_Delay</name>
         <load_address>0x4918</load_address>
         <run_address>0x4918</run_address>
         <size>0xc</size>
         <input_file_ref idref="fl-8"/>
      </object_component>
      <object_component id="oc-f9">
         <name>.text:_isr:__TI_ISR_TRAP</name>
         <load_address>0x4924</load_address>
         <run_address>0x4924</run_address>
         <size>0x6</size>
         <input_file_ref idref="fl-45"/>
      </object_component>
      <object_component id="oc-3fd">
         <name>.text:find_volume</name>
         <load_address>0x10000</load_address>
         <run_address>0x10000</run_address>
         <size>0x4f4</size>
         <input_file_ref idref="fl-d"/>
      </object_component>
      <object_component id="oc-1bc">
         <name>.text:f_printf</name>
         <load_address>0x104f4</load_address>
         <run_address>0x104f4</run_address>
         <size>0x304</size>
         <input_file_ref idref="fl-d"/>
      </object_component>
      <object_component id="oc-35c">
         <name>.text:f_lseek</name>
         <load_address>0x107f8</load_address>
         <run_address>0x107f8</run_address>
         <size>0x29c</size>
         <input_file_ref idref="fl-d"/>
      </object_component>
      <object_component id="oc-1ce">
         <name>.text:BMP180GetPressure</name>
         <load_address>0x10a94</load_address>
         <run_address>0x10a94</run_address>
         <size>0x29a</size>
         <input_file_ref idref="fl-4"/>
      </object_component>
      <object_component id="oc-266">
         <name>.text:f_write</name>
         <load_address>0x10d2e</load_address>
         <run_address>0x10d2e</run_address>
         <size>0x294</size>
         <input_file_ref idref="fl-d"/>
      </object_component>
      <object_component id="oc-356">
         <name>.text:f_open</name>
         <load_address>0x10fc2</load_address>
         <run_address>0x10fc2</run_address>
         <size>0x1f4</size>
         <input_file_ref idref="fl-d"/>
      </object_component>
      <object_component id="oc-228">
         <name>.text:BMP180GetCalVals</name>
         <load_address>0x111b6</load_address>
         <run_address>0x111b6</run_address>
         <size>0x1ba</size>
         <input_file_ref idref="fl-4"/>
      </object_component>
      <object_component id="oc-3c3">
         <name>.text:disk_ioctl</name>
         <load_address>0x11370</load_address>
         <run_address>0x11370</run_address>
         <size>0x1b4</size>
         <input_file_ref idref="fl-c"/>
      </object_component>
      <object_component id="oc-48d">
         <name>.text:create_name</name>
         <load_address>0x11524</load_address>
         <run_address>0x11524</run_address>
         <size>0x196</size>
         <input_file_ref idref="fl-d"/>
      </object_component>
      <object_component id="oc-435">
         <name>.text:put_fat</name>
         <load_address>0x116ba</load_address>
         <run_address>0x116ba</run_address>
         <size>0x190</size>
         <input_file_ref idref="fl-d"/>
      </object_component>
      <object_component id="oc-47e">
         <name>.text:disk_initialize</name>
         <load_address>0x1184a</load_address>
         <run_address>0x1184a</run_address>
         <size>0x188</size>
         <input_file_ref idref="fl-c"/>
      </object_component>
      <object_component id="oc-184">
         <name>.text:ParseGPS</name>
         <load_address>0x119d2</load_address>
         <run_address>0x119d2</run_address>
         <size>0x17a</size>
         <input_file_ref idref="fl-7"/>
      </object_component>
      <object_component id="oc-4d7">
         <name>.text:dir_next</name>
         <load_address>0x11b4c</load_address>
         <run_address>0x11b4c</run_address>
         <size>0x176</size>
         <input_file_ref idref="fl-d"/>
      </object_component>
      <object_component id="oc-42e">
         <name>.text:get_fat</name>
         <load_address>0x11cc2</load_address>
         <run_address>0x11cc2</run_address>
         <size>0x148</size>
         <input_file_ref idref="fl-d"/>
      </object_component>
      <object_component id="oc-2bc">
         <name>.text</name>
         <load_address>0x11e0a</load_address>
         <run_address>0x11e0a</run_address>
         <size>0x130</size>
         <input_file_ref idref="fl-5c"/>
      </object_component>
      <object_component id="oc-368">
         <name>.text:create_chain</name>
         <load_address>0x11f3a</load_address>
         <run_address>0x11f3a</run_address>
         <size>0x128</size>
         <input_file_ref idref="fl-d"/>
      </object_component>
      <object_component id="oc-499">
         <name>.text:dir_sdi</name>
         <load_address>0x12062</load_address>
         <run_address>0x12062</run_address>
         <size>0xfe</size>
         <input_file_ref idref="fl-d"/>
      </object_component>
      <object_component id="oc-297">
         <name>.text:sync_fs</name>
         <load_address>0x12160</load_address>
         <run_address>0x12160</run_address>
         <size>0xf6</size>
         <input_file_ref idref="fl-d"/>
      </object_component>
      <object_component id="oc-234">
         <name>.text:SDOpenFile</name>
         <load_address>0x12256</load_address>
         <run_address>0x12256</run_address>
         <size>0xec</size>
         <input_file_ref idref="fl-a"/>
      </object_component>
      <object_component id="oc-2d2">
         <name>.text:BMP180GetRawPressure</name>
         <load_address>0x12342</load_address>
         <run_address>0x12342</run_address>
         <size>0xd4</size>
         <input_file_ref idref="fl-4"/>
      </object_component>
      <object_component id="oc-27f">
         <name>.text:disk_write</name>
         <load_address>0x12416</load_address>
         <run_address>0x12416</run_address>
         <size>0xd2</size>
         <input_file_ref idref="fl-c"/>
      </object_component>
      <object_component id="oc-1c2">
         <name>.text:f_sync</name>
         <load_address>0x124e8</load_address>
         <run_address>0x124e8</run_address>
         <size>0xce</size>
         <input_file_ref idref="fl-d"/>
      </object_component>
      <object_component id="oc-414">
         <name>.text:get_fileinfo</name>
         <load_address>0x125b6</load_address>
         <run_address>0x125b6</run_address>
         <size>0xbc</size>
         <input_file_ref idref="fl-d"/>
      </object_component>
      <object_component id="oc-307">
         <name>.text:malloc</name>
         <load_address>0x12672</load_address>
         <run_address>0x12672</run_address>
         <size>0xba</size>
         <input_file_ref idref="fl-77"/>
      </object_component>
      <object_component id="oc-2c1">
         <name>.text</name>
         <load_address>0x1272c</load_address>
         <run_address>0x1272c</run_address>
         <size>0xb6</size>
         <input_file_ref idref="fl-64"/>
      </object_component>
      <object_component id="oc-137">
         <name>.text:main</name>
         <load_address>0x127e2</load_address>
         <run_address>0x127e2</run_address>
         <size>0xae</size>
         <input_file_ref idref="fl-8"/>
      </object_component>
      <object_component id="oc-1c8">
         <name>.text:BMP180GetTemp</name>
         <load_address>0x12890</load_address>
         <run_address>0x12890</run_address>
         <size>0xa4</size>
         <input_file_ref idref="fl-4"/>
      </object_component>
      <object_component id="oc-427">
         <name>.text:remove_chain</name>
         <load_address>0x12934</load_address>
         <run_address>0x12934</run_address>
         <size>0x9c</size>
         <input_file_ref idref="fl-d"/>
      </object_component>
      <object_component id="oc-40e">
         <name>.text:follow_path</name>
         <load_address>0x129d0</load_address>
         <run_address>0x129d0</run_address>
         <size>0x9a</size>
         <input_file_ref idref="fl-d"/>
      </object_component>
      <object_component id="oc-374">
         <name>.text:disk_read</name>
         <load_address>0x12a6a</load_address>
         <run_address>0x12a6a</run_address>
         <size>0x96</size>
         <input_file_ref idref="fl-c"/>
      </object_component>
      <object_component id="oc-2c6">
         <name>.text</name>
         <load_address>0x12b00</load_address>
         <run_address>0x12b00</run_address>
         <size>0x8e</size>
         <input_file_ref idref="fl-5d"/>
      </object_component>
      <object_component id="oc-29e">
         <name>.text:BMP180GetRawTemp</name>
         <load_address>0x12b8e</load_address>
         <run_address>0x12b8e</run_address>
         <size>0x88</size>
         <input_file_ref idref="fl-4"/>
      </object_component>
      <object_component id="oc-22e">
         <name>.text:PCUARTInit</name>
         <load_address>0x12c16</load_address>
         <run_address>0x12c16</run_address>
         <size>0x86</size>
         <input_file_ref idref="fl-b"/>
      </object_component>
      <object_component id="oc-484">
         <name>.text:check_fs</name>
         <load_address>0x12c9c</load_address>
         <run_address>0x12c9c</run_address>
         <size>0x86</size>
         <input_file_ref idref="fl-d"/>
      </object_component>
      <object_component id="oc-3b4">
         <name>.text:sync_window</name>
         <load_address>0x12d22</load_address>
         <run_address>0x12d22</run_address>
         <size>0x86</size>
         <input_file_ref idref="fl-d"/>
      </object_component>
      <object_component id="oc-33f">
         <name>.text:f_mount</name>
         <load_address>0x12da8</load_address>
         <run_address>0x12da8</run_address>
         <size>0x7e</size>
         <input_file_ref idref="fl-d"/>
      </object_component>
      <object_component id="oc-2cc">
         <name>.text</name>
         <load_address>0x12e26</load_address>
         <run_address>0x12e26</run_address>
         <size>0x7e</size>
         <input_file_ref idref="fl-62"/>
      </object_component>
      <object_component id="oc-39b">
         <name>.text:send_cmd</name>
         <load_address>0x12ea4</load_address>
         <run_address>0x12ea4</run_address>
         <size>0x76</size>
         <input_file_ref idref="fl-c"/>
      </object_component>
      <object_component id="oc-11d">
         <name>.text:_auto_init_hold_wdt</name>
         <load_address>0x12f1a</load_address>
         <run_address>0x12f1a</run_address>
         <size>0x6c</size>
         <input_file_ref idref="fl-71"/>
      </object_component>
      <object_component id="oc-ec">
         <name>.text:__TI_decompress_rle_core</name>
         <load_address>0x12f86</load_address>
         <run_address>0x12f86</run_address>
         <size>0x68</size>
         <input_file_ref idref="fl-43"/>
      </object_component>
      <object_component id="oc-350">
         <name>.text:f_stat</name>
         <load_address>0x12fee</load_address>
         <run_address>0x12fee</run_address>
         <size>0x68</size>
         <input_file_ref idref="fl-d"/>
      </object_component>
      <object_component id="oc-314">
         <name>.text:sendByteInput</name>
         <load_address>0x13056</load_address>
         <run_address>0x13056</run_address>
         <size>0x66</size>
         <input_file_ref idref="fl-2"/>
      </object_component>
      <object_component id="oc-46f">
         <name>.text:power_on</name>
         <load_address>0x130bc</load_address>
         <run_address>0x130bc</run_address>
         <size>0x5e</size>
         <input_file_ref idref="fl-c"/>
      </object_component>
      <object_component id="oc-4a1">
         <name>.text:dir_alloc</name>
         <load_address>0x1311a</load_address>
         <run_address>0x1311a</run_address>
         <size>0x5c</size>
         <input_file_ref idref="fl-d"/>
      </object_component>
      <object_component id="oc-493">
         <name>.text:dir_find</name>
         <load_address>0x13176</load_address>
         <run_address>0x13176</run_address>
         <size>0x5a</size>
         <input_file_ref idref="fl-d"/>
      </object_component>
      <object_component id="oc-25c">
         <name>.text</name>
         <load_address>0x131d0</load_address>
         <run_address>0x131d0</run_address>
         <size>0x58</size>
         <input_file_ref idref="fl-61"/>
      </object_component>
      <object_component id="oc-3f6">
         <name>.text:get_ldnumber</name>
         <load_address>0x13228</load_address>
         <run_address>0x13228</run_address>
         <size>0x54</size>
         <input_file_ref idref="fl-d"/>
      </object_component>
      <object_component id="oc-285">
         <name>.text:move_window</name>
         <load_address>0x1327c</load_address>
         <run_address>0x1327c</run_address>
         <size>0x52</size>
         <input_file_ref idref="fl-d"/>
      </object_component>
      <object_component id="oc-3a1">
         <name>.text:xmit_datablock</name>
         <load_address>0x132ce</load_address>
         <run_address>0x132ce</run_address>
         <size>0x50</size>
         <input_file_ref idref="fl-c"/>
      </object_component>
      <object_component id="oc-41b">
         <name>.text:dir_register</name>
         <load_address>0x1331e</load_address>
         <run_address>0x1331e</run_address>
         <size>0x4e</size>
         <input_file_ref idref="fl-d"/>
      </object_component>
      <object_component id="oc-256">
         <name>.text:putc_bfd</name>
         <load_address>0x1336c</load_address>
         <run_address>0x1336c</run_address>
         <size>0x4e</size>
         <input_file_ref idref="fl-d"/>
      </object_component>
      <object_component id="oc-327">
         <name>.text:receiveByte</name>
         <load_address>0x133ba</load_address>
         <run_address>0x133ba</run_address>
         <size>0x4c</size>
         <input_file_ref idref="fl-2"/>
      </object_component>
      <object_component id="oc-2b7">
         <name>.text</name>
         <load_address>0x13406</load_address>
         <run_address>0x13406</run_address>
         <size>0x4a</size>
         <input_file_ref idref="fl-63"/>
      </object_component>
      <object_component id="oc-32d">
         <name>.text:sendAck</name>
         <load_address>0x13450</load_address>
         <run_address>0x13450</run_address>
         <size>0x4a</size>
         <input_file_ref idref="fl-2"/>
      </object_component>
      <object_component id="oc-17e">
         <name>.text:putChar</name>
         <load_address>0x1349a</load_address>
         <run_address>0x1349a</run_address>
         <size>0x44</size>
         <input_file_ref idref="fl-b"/>
      </object_component>
      <object_component id="oc-43d">
         <name>.text:rcvr_datablock</name>
         <load_address>0x134de</load_address>
         <run_address>0x134de</run_address>
         <size>0x44</size>
         <input_file_ref idref="fl-c"/>
      </object_component>
      <object_component id="oc-30e">
         <name>.text:SWI2CStart</name>
         <load_address>0x13522</load_address>
         <run_address>0x13522</run_address>
         <size>0x42</size>
         <input_file_ref idref="fl-2"/>
      </object_component>
      <object_component id="oc-3e2">
         <name>.text:minit</name>
         <load_address>0x13564</load_address>
         <run_address>0x13564</run_address>
         <size>0x42</size>
         <input_file_ref idref="fl-77"/>
      </object_component>
      <object_component id="oc-2ad">
         <name>.text</name>
         <load_address>0x135a6</load_address>
         <run_address>0x135a6</run_address>
         <size>0x40</size>
         <input_file_ref idref="fl-5f"/>
      </object_component>
      <object_component id="oc-36e">
         <name>.text:clust2sect</name>
         <load_address>0x135e6</load_address>
         <run_address>0x135e6</run_address>
         <size>0x3e</size>
         <input_file_ref idref="fl-d"/>
      </object_component>
      <object_component id="oc-2dd">
         <name>.text:l_asr_const</name>
         <load_address>0x13624</load_address>
         <run_address>0x13624</run_address>
         <size>0x3e</size>
         <input_file_ref idref="fl-6d"/>
      </object_component>
      <object_component id="oc-2b2">
         <name>.text:l_lsl_const</name>
         <load_address>0x13662</load_address>
         <run_address>0x13662</run_address>
         <size>0x3e</size>
         <input_file_ref idref="fl-6c"/>
      </object_component>
      <object_component id="oc-2e7">
         <name>.text:l_lsr_const</name>
         <load_address>0x136a0</load_address>
         <run_address>0x136a0</run_address>
         <size>0x3e</size>
         <input_file_ref idref="fl-6e"/>
      </object_component>
      <object_component id="oc-443">
         <name>.text:send_cmd12</name>
         <load_address>0x136de</load_address>
         <run_address>0x136de</run_address>
         <size>0x3c</size>
         <input_file_ref idref="fl-c"/>
      </object_component>
      <object_component id="oc-279">
         <name>.text:validate</name>
         <load_address>0x1371a</load_address>
         <run_address>0x1371a</run_address>
         <size>0x3c</size>
         <input_file_ref idref="fl-d"/>
      </object_component>
      <object_component id="oc-31a">
         <name>.text:receiveAck</name>
         <load_address>0x13756</load_address>
         <run_address>0x13756</run_address>
         <size>0x3a</size>
         <input_file_ref idref="fl-2"/>
      </object_component>
      <object_component id="oc-178">
         <name>.text:dequeue</name>
         <load_address>0x13790</load_address>
         <run_address>0x13790</run_address>
         <size>0x38</size>
         <input_file_ref idref="fl-9"/>
      </object_component>
      <object_component id="oc-1f9">
         <name>.text:enqueue</name>
         <load_address>0x137c8</load_address>
         <run_address>0x137c8</run_address>
         <size>0x38</size>
         <input_file_ref idref="fl-9"/>
      </object_component>
      <object_component id="oc-321">
         <name>.text:SWI2CStop</name>
         <load_address>0x13800</load_address>
         <run_address>0x13800</run_address>
         <size>0x32</size>
         <input_file_ref idref="fl-2"/>
      </object_component>
      <object_component id="oc-1d7">
         <name>.text:MSP430Delay</name>
         <load_address>0x13832</load_address>
         <run_address>0x13832</run_address>
         <size>0x30</size>
         <input_file_ref idref="fl-5"/>
      </object_component>
      <object_component id="oc-421">
         <name>.text:ld_clust</name>
         <load_address>0x13862</load_address>
         <run_address>0x13862</run_address>
         <size>0x30</size>
         <input_file_ref idref="fl-d"/>
      </object_component>
      <object_component id="oc-334">
         <name>.text:initQueue</name>
         <load_address>0x13892</load_address>
         <run_address>0x13892</run_address>
         <size>0x2e</size>
         <input_file_ref idref="fl-9"/>
      </object_component>
      <object_component id="oc-3ad">
         <name>.text:rcvr_spi</name>
         <load_address>0x138c0</load_address>
         <run_address>0x138c0</run_address>
         <size>0x2c</size>
         <input_file_ref idref="fl-c"/>
      </object_component>
      <object_component id="oc-34b">
         <name>.text</name>
         <load_address>0x138ec</load_address>
         <run_address>0x138ec</run_address>
         <size>0x2c</size>
         <input_file_ref idref="fl-5e"/>
      </object_component>
      <object_component id="oc-457">
         <name>.text:xmit_spi</name>
         <load_address>0x13918</load_address>
         <run_address>0x13918</run_address>
         <size>0x26</size>
         <input_file_ref idref="fl-c"/>
      </object_component>
      <object_component id="oc-96">
         <name>.text:decompress:ZI:__TI_zero_init</name>
         <load_address>0x1393e</load_address>
         <run_address>0x1393e</run_address>
         <size>0x24</size>
         <input_file_ref idref="fl-5b"/>
      </object_component>
      <object_component id="oc-2a8">
         <name>.text</name>
         <load_address>0x13962</load_address>
         <run_address>0x13962</run_address>
         <size>0x22</size>
         <input_file_ref idref="fl-68"/>
      </object_component>
      <object_component id="oc-1a6">
         <name>.text:initAll</name>
         <load_address>0x13984</load_address>
         <run_address>0x13984</run_address>
         <size>0x20</size>
         <input_file_ref idref="fl-8"/>
      </object_component>
      <object_component id="oc-4ba">
         <name>.text:send_initial_clock_train</name>
         <load_address>0x139a4</load_address>
         <run_address>0x139a4</run_address>
         <size>0x1c</size>
         <input_file_ref idref="fl-c"/>
      </object_component>
      <object_component id="oc-1ac">
         <name>.text:testParse</name>
         <load_address>0x139c0</load_address>
         <run_address>0x139c0</run_address>
         <size>0x1a</size>
         <input_file_ref idref="fl-7"/>
      </object_component>
      <object_component id="oc-451">
         <name>.text:wait_ready</name>
         <load_address>0x139da</load_address>
         <run_address>0x139da</run_address>
         <size>0x1a</size>
         <input_file_ref idref="fl-c"/>
      </object_component>
      <object_component id="oc-4ca">
         <name>.text:chk_chr</name>
         <load_address>0x139f4</load_address>
         <run_address>0x139f4</run_address>
         <size>0x16</size>
         <input_file_ref idref="fl-d"/>
      </object_component>
      <object_component id="oc-408">
         <name>.text</name>
         <load_address>0x13a0a</load_address>
         <run_address>0x13a0a</run_address>
         <size>0x16</size>
         <input_file_ref idref="fl-60"/>
      </object_component>
      <object_component id="oc-261">
         <name>.text</name>
         <load_address>0x13a20</load_address>
         <run_address>0x13a20</run_address>
         <size>0x16</size>
         <input_file_ref idref="fl-66"/>
      </object_component>
      <object_component id="oc-28b">
         <name>.text:st_clust</name>
         <load_address>0x13a36</load_address>
         <run_address>0x13a36</run_address>
         <size>0x16</size>
         <input_file_ref idref="fl-d"/>
      </object_component>
      <object_component id="oc-4d1">
         <name>.text:mem_cmp</name>
         <load_address>0x13a4c</load_address>
         <run_address>0x13a4c</run_address>
         <size>0x14</size>
         <input_file_ref idref="fl-d"/>
      </object_component>
      <object_component id="oc-df">
         <name>.text:memcpy</name>
         <load_address>0x13a60</load_address>
         <run_address>0x13a60</run_address>
         <size>0x14</size>
         <input_file_ref idref="fl-78"/>
      </object_component>
      <object_component id="oc-71">
         <name>.text:decompress:none:__TI_decompress_none</name>
         <load_address>0x13a74</load_address>
         <run_address>0x13a74</run_address>
         <size>0x12</size>
         <input_file_ref idref="fl-42"/>
      </object_component>
      <object_component id="oc-37a">
         <name>.text:mem_cpy</name>
         <load_address>0x13a86</load_address>
         <run_address>0x13a86</run_address>
         <size>0x12</size>
         <input_file_ref idref="fl-d"/>
      </object_component>
      <object_component id="oc-3bd">
         <name>.text:mem_set</name>
         <load_address>0x13a98</load_address>
         <run_address>0x13a98</run_address>
         <size>0x12</size>
         <input_file_ref idref="fl-d"/>
      </object_component>
      <object_component id="oc-4c1">
         <name>.text:set_max_speed</name>
         <load_address>0x13aaa</load_address>
         <run_address>0x13aaa</run_address>
         <size>0x12</size>
         <input_file_ref idref="fl-c"/>
      </object_component>
      <object_component id="oc-2d8">
         <name>.text:l_asr</name>
         <load_address>0x13abc</load_address>
         <run_address>0x13abc</run_address>
         <size>0x10</size>
         <input_file_ref idref="fl-6d"/>
      </object_component>
      <object_component id="oc-2e2">
         <name>.text:l_lsl</name>
         <load_address>0x13acc</load_address>
         <run_address>0x13acc</run_address>
         <size>0x10</size>
         <input_file_ref idref="fl-6c"/>
      </object_component>
      <object_component id="oc-38a">
         <name>.text:disk_status</name>
         <load_address>0x13adc</load_address>
         <run_address>0x13adc</run_address>
         <size>0xe</size>
         <input_file_ref idref="fl-c"/>
      </object_component>
      <object_component id="oc-4ad">
         <name>.text:rcvr_spi_m</name>
         <load_address>0x13aea</load_address>
         <run_address>0x13aea</run_address>
         <size>0xc</size>
         <input_file_ref idref="fl-c"/>
      </object_component>
      <object_component id="oc-291">
         <name>.text:get_fattime</name>
         <load_address>0x13af6</load_address>
         <run_address>0x13af6</run_address>
         <size>0xa</size>
         <input_file_ref idref="fl-c"/>
      </object_component>
      <object_component id="oc-3a7">
         <name>.text:DESELECT</name>
         <load_address>0x13b00</load_address>
         <run_address>0x13b00</run_address>
         <size>0x8</size>
         <input_file_ref idref="fl-c"/>
      </object_component>
      <object_component id="oc-395">
         <name>.text:SELECT</name>
         <load_address>0x13b08</load_address>
         <run_address>0x13b08</run_address>
         <size>0x8</size>
         <input_file_ref idref="fl-c"/>
      </object_component>
      <object_component id="oc-1b2">
         <name>.text:initGps</name>
         <load_address>0x13b10</load_address>
         <run_address>0x13b10</run_address>
         <size>0x8</size>
         <input_file_ref idref="fl-7"/>
      </object_component>
      <object_component id="oc-463">
         <name>.text:chk_power</name>
         <load_address>0x13b18</load_address>
         <run_address>0x13b18</run_address>
         <size>0x6</size>
         <input_file_ref idref="fl-c"/>
      </object_component>
      <object_component id="oc-77">
         <name>.text:decompress:rle24:__TI_decompress_rle24</name>
         <load_address>0x13b1e</load_address>
         <run_address>0x13b1e</run_address>
         <size>0x6</size>
         <input_file_ref idref="fl-43"/>
      </object_component>
      <object_component id="oc-172">
         <name>.text:numEnqueued</name>
         <load_address>0x13b24</load_address>
         <run_address>0x13b24</run_address>
         <size>0x6</size>
         <input_file_ref idref="fl-9"/>
      </object_component>
      <object_component id="oc-469">
         <name>.text:power_off</name>
         <load_address>0x13b2a</load_address>
         <run_address>0x13b2a</run_address>
         <size>0x6</size>
         <input_file_ref idref="fl-c"/>
      </object_component>
      <object_component id="oc-117">
         <name>.text:_system_pre_init</name>
         <load_address>0x13b30</load_address>
         <run_address>0x13b30</run_address>
         <size>0x4</size>
         <input_file_ref idref="fl-74"/>
      </object_component>
      <object_component id="oc-13f">
         <name>.text:abort</name>
         <load_address>0x13b34</load_address>
         <run_address>0x13b34</run_address>
         <size>0x4</size>
         <input_file_ref idref="fl-75"/>
      </object_component>
      <object_component id="oc-216">
         <name>.text:_nop</name>
         <load_address>0x13b38</load_address>
         <run_address>0x13b38</run_address>
         <size>0x2</size>
         <input_file_ref idref="fl-76"/>
      </object_component>
      <object_component id="oc-169">
         <name>.common:byteCtr</name>
         <uninitialized>true</uninitialized>
         <run_address>0x20bd</run_address>
         <size>0x1</size>
      </object_component>
      <object_component id="oc-16d">
         <name>.common:TI_receive_field</name>
         <uninitialized>true</uninitialized>
         <run_address>0x2096</run_address>
         <size>0x4</size>
      </object_component>
      <object_component id="oc-16c">
         <name>.common:TI_transmit_field</name>
         <uninitialized>true</uninitialized>
         <run_address>0x209a</run_address>
         <size>0x4</size>
      </object_component>
      <object_component id="oc-30d">
         <name>.common:g_bmpByteCountEnd</name>
         <uninitialized>true</uninitialized>
         <run_address>0x20be</run_address>
         <size>0x1</size>
      </object_component>
      <object_component id="oc-2a4">
         <name>.common:g_bmpValBytes</name>
         <uninitialized>true</uninitialized>
         <run_address>0x20a6</run_address>
         <size>0x4</size>
      </object_component>
      <object_component id="oc-2cb">
         <name>.common:g_bmpTemp</name>
         <uninitialized>true</uninitialized>
         <run_address>0x20a2</run_address>
         <size>0x4</size>
      </object_component>
      <object_component id="oc-2ec">
         <name>.common:g_pressure</name>
         <uninitialized>true</uninitialized>
         <run_address>0x20aa</run_address>
         <size>0x4</size>
      </object_component>
      <object_component id="oc-2a7">
         <name>.common:calInst</name>
         <uninitialized>true</uninitialized>
         <run_address>0x209e</run_address>
         <size>0x4</size>
      </object_component>
      <object_component id="oc-1d4">
         <name>.common:gpsData</name>
         <uninitialized>true</uninitialized>
         <run_address>0x2052</run_address>
         <size>0x38</size>
      </object_component>
      <object_component id="oc-206">
         <name>.common:gpsTerm</name>
         <uninitialized>true</uninitialized>
         <run_address>0x20bf</run_address>
         <size>0x1</size>
      </object_component>
      <object_component id="oc-1b9">
         <name>.common:logfile</name>
         <uninitialized>true</uninitialized>
         <run_address>0x1e2e</run_address>
         <size>0x224</size>
      </object_component>
      <object_component id="oc-33b">
         <name>.common:sdVolume</name>
         <uninitialized>true</uninitialized>
         <run_address>0x1c00</run_address>
         <size>0x22e</size>
      </object_component>
      <object_component id="oc-16f">
         <name>.common:uartData</name>
         <uninitialized>true</uninitialized>
         <run_address>0x208a</run_address>
         <size>0x8</size>
      </object_component>
      <object_component id="oc-4ac">
         <name>.common:Timer1</name>
         <uninitialized>true</uninitialized>
         <run_address>0x20bb</run_address>
         <size>0x1</size>
      </object_component>
      <object_component id="oc-4b5">
         <name>.common:Timer2</name>
         <uninitialized>true</uninitialized>
         <run_address>0x20bc</run_address>
         <size>0x1</size>
      </object_component>
      <object_component id="oc-394">
         <name>.common:CardType</name>
         <uninitialized>true</uninitialized>
         <run_address>0x20ba</run_address>
         <size>0x1</size>
      </object_component>
      <object_component id="oc-3fc">
         <name>.common:FatFs</name>
         <uninitialized>true</uninitialized>
         <run_address>0x2092</run_address>
         <size>0x4</size>
      </object_component>
      <object_component id="oc-48a">
         <name>.common:Fsid</name>
         <uninitialized>true</uninitialized>
         <run_address>0x20b6</run_address>
         <size>0x2</size>
      </object_component>
      <object_component id="oc-3e8">
         <name>.common:sys_free</name>
         <uninitialized>true</uninitialized>
         <run_address>0x20b2</run_address>
         <size>0x4</size>
      </object_component>
      <object_component id="oc-479">
         <name>.common:sys_base</name>
         <uninitialized>true</uninitialized>
         <run_address>0x20ae</run_address>
         <size>0x4</size>
      </object_component>
      <object_component id="oc-478">
         <name>.common:memsize</name>
         <uninitialized>true</uninitialized>
         <run_address>0x20b8</run_address>
         <size>0x2</size>
      </object_component>
      <object_component id="oc-3eb">
         <name>.data</name>
         <load_address>0x212e</load_address>
         <run_address>0x212e</run_address>
         <size>0x6</size>
         <input_file_ref idref="fl-2"/>
      </object_component>
      <object_component id="oc-203">
         <name>.data:fmt</name>
         <load_address>0x2104</load_address>
         <run_address>0x2104</run_address>
         <size>0x21</size>
         <input_file_ref idref="fl-7"/>
      </object_component>
      <object_component id="oc-23b">
         <name>.data:nmea_test</name>
         <load_address>0x20c0</load_address>
         <run_address>0x20c0</run_address>
         <size>0x43</size>
         <input_file_ref idref="fl-7"/>
      </object_component>
      <object_component id="oc-200">
         <name>.data</name>
         <load_address>0x2126</load_address>
         <run_address>0x2126</run_address>
         <size>0x8</size>
         <input_file_ref idref="fl-7"/>
      </object_component>
      <object_component id="oc-345">
         <name>.data</name>
         <load_address>0x2103</load_address>
         <run_address>0x2103</run_address>
         <size>0x1</size>
         <input_file_ref idref="fl-a"/>
      </object_component>
      <object_component id="oc-391">
         <name>.data</name>
         <load_address>0x213c</load_address>
         <run_address>0x213c</run_address>
         <size>0x2</size>
         <input_file_ref idref="fl-c"/>
      </object_component>
      <object_component id="oc-197">
         <name>.data:_lock</name>
         <load_address>0x2134</load_address>
         <run_address>0x2134</run_address>
         <size>0x4</size>
         <input_file_ref idref="fl-76"/>
      </object_component>
      <object_component id="oc-1a0">
         <name>.data:_unlock</name>
         <load_address>0x2138</load_address>
         <run_address>0x2138</run_address>
         <size>0x4</size>
         <input_file_ref idref="fl-76"/>
      </object_component>
      <object_component id="oc-3df">
         <name>.data</name>
         <load_address>0x213e</load_address>
         <run_address>0x213e</run_address>
         <size>0x2</size>
         <input_file_ref idref="fl-77"/>
      </object_component>
      <object_component id="oc-d8">
         <name>.stack</name>
         <uninitialized>true</uninitialized>
         <run_address>0x2360</run_address>
         <size>0x4</size>
         <input_file_ref idref="fl-6f"/>
      </object_component>
      <object_component id="oc-54c">
         <name>.stack</name>
         <uninitialized>true</uninitialized>
         <run_address>0x2360</run_address>
         <size>0x0</size>
      </object_component>
      <object_component id="oc-7d">
         <name>.int30</name>
         <load_address>0xffcc</load_address>
         <run_address>0xffcc</run_address>
         <size>0x2</size>
         <input_file_ref idref="fl-44"/>
      </object_component>
      <object_component id="oc-7e">
         <name>.int31</name>
         <load_address>0xffce</load_address>
         <run_address>0xffce</run_address>
         <size>0x2</size>
         <input_file_ref idref="fl-46"/>
      </object_component>
      <object_component id="oc-7f">
         <name>.int32</name>
         <load_address>0xffd0</load_address>
         <run_address>0xffd0</run_address>
         <size>0x2</size>
         <input_file_ref idref="fl-47"/>
      </object_component>
      <object_component id="oc-80">
         <name>.int33</name>
         <load_address>0xffd2</load_address>
         <run_address>0xffd2</run_address>
         <size>0x2</size>
         <input_file_ref idref="fl-48"/>
      </object_component>
      <object_component id="oc-81">
         <name>.int34</name>
         <load_address>0xffd4</load_address>
         <run_address>0xffd4</run_address>
         <size>0x2</size>
         <input_file_ref idref="fl-49"/>
      </object_component>
      <object_component id="oc-82">
         <name>.int35</name>
         <load_address>0xffd6</load_address>
         <run_address>0xffd6</run_address>
         <size>0x2</size>
         <input_file_ref idref="fl-4a"/>
      </object_component>
      <object_component id="oc-83">
         <name>.int36</name>
         <load_address>0xffd8</load_address>
         <run_address>0xffd8</run_address>
         <size>0x2</size>
         <input_file_ref idref="fl-4b"/>
      </object_component>
      <object_component id="oc-84">
         <name>.int37</name>
         <load_address>0xffda</load_address>
         <run_address>0xffda</run_address>
         <size>0x2</size>
         <input_file_ref idref="fl-4c"/>
      </object_component>
      <object_component id="oc-85">
         <name>.int38</name>
         <load_address>0xffdc</load_address>
         <run_address>0xffdc</run_address>
         <size>0x2</size>
         <input_file_ref idref="fl-4d"/>
      </object_component>
      <object_component id="oc-86">
         <name>.int39</name>
         <load_address>0xffde</load_address>
         <run_address>0xffde</run_address>
         <size>0x2</size>
         <input_file_ref idref="fl-4e"/>
      </object_component>
      <object_component id="oc-87">
         <name>.int40</name>
         <load_address>0xffe0</load_address>
         <run_address>0xffe0</run_address>
         <size>0x2</size>
         <input_file_ref idref="fl-4f"/>
      </object_component>
      <object_component id="oc-88">
         <name>.int41</name>
         <load_address>0xffe2</load_address>
         <run_address>0xffe2</run_address>
         <size>0x2</size>
         <input_file_ref idref="fl-8"/>
      </object_component>
      <object_component id="oc-89">
         <name>.int42</name>
         <load_address>0xffe4</load_address>
         <run_address>0xffe4</run_address>
         <size>0x2</size>
         <input_file_ref idref="fl-50"/>
      </object_component>
      <object_component id="oc-8a">
         <name>.int43</name>
         <load_address>0xffe6</load_address>
         <run_address>0xffe6</run_address>
         <size>0x2</size>
         <input_file_ref idref="fl-51"/>
      </object_component>
      <object_component id="oc-8b">
         <name>.int44</name>
         <load_address>0xffe8</load_address>
         <run_address>0xffe8</run_address>
         <size>0x2</size>
         <input_file_ref idref="fl-52"/>
      </object_component>
      <object_component id="oc-8c">
         <name>.int45</name>
         <load_address>0xffea</load_address>
         <run_address>0xffea</run_address>
         <size>0x2</size>
         <input_file_ref idref="fl-53"/>
      </object_component>
      <object_component id="oc-8d">
         <name>.int46</name>
         <load_address>0xffec</load_address>
         <run_address>0xffec</run_address>
         <size>0x2</size>
         <input_file_ref idref="fl-54"/>
      </object_component>
      <object_component id="oc-8e">
         <name>.int47</name>
         <load_address>0xffee</load_address>
         <run_address>0xffee</run_address>
         <size>0x2</size>
         <input_file_ref idref="fl-3"/>
      </object_component>
      <object_component id="oc-8f">
         <name>.int48</name>
         <load_address>0xfff0</load_address>
         <run_address>0xfff0</run_address>
         <size>0x2</size>
         <input_file_ref idref="fl-b"/>
      </object_component>
      <object_component id="oc-90">
         <name>.int49</name>
         <load_address>0xfff2</load_address>
         <run_address>0xfff2</run_address>
         <size>0x2</size>
         <input_file_ref idref="fl-55"/>
      </object_component>
      <object_component id="oc-91">
         <name>.int50</name>
         <load_address>0xfff4</load_address>
         <run_address>0xfff4</run_address>
         <size>0x2</size>
         <input_file_ref idref="fl-56"/>
      </object_component>
      <object_component id="oc-92">
         <name>.int51</name>
         <load_address>0xfff6</load_address>
         <run_address>0xfff6</run_address>
         <size>0x2</size>
         <input_file_ref idref="fl-57"/>
      </object_component>
      <object_component id="oc-93">
         <name>.int52</name>
         <load_address>0xfff8</load_address>
         <run_address>0xfff8</run_address>
         <size>0x2</size>
         <input_file_ref idref="fl-58"/>
      </object_component>
      <object_component id="oc-94">
         <name>.int53</name>
         <load_address>0xfffa</load_address>
         <run_address>0xfffa</run_address>
         <size>0x2</size>
         <input_file_ref idref="fl-59"/>
      </object_component>
      <object_component id="oc-95">
         <name>.int54</name>
         <load_address>0xfffc</load_address>
         <run_address>0xfffc</run_address>
         <size>0x2</size>
         <input_file_ref idref="fl-5a"/>
      </object_component>
      <object_component id="oc-db">
         <name>.reset</name>
         <load_address>0xfffe</load_address>
         <run_address>0xfffe</run_address>
         <size>0x2</size>
         <input_file_ref idref="fl-6f"/>
      </object_component>
      <object_component id="oc-3ec">
         <name>.debug_info</name>
         <load_address>0x0</load_address>
         <run_address>0x0</run_address>
         <size>0x144</size>
         <input_file_ref idref="fl-2"/>
      </object_component>
      <object_component id="oc-315">
         <name>.debug_info</name>
         <load_address>0x144</load_address>
         <run_address>0x144</run_address>
         <size>0x124</size>
         <input_file_ref idref="fl-2"/>
      </object_component>
      <object_component id="oc-328">
         <name>.debug_info</name>
         <load_address>0x268</load_address>
         <run_address>0x268</run_address>
         <size>0x10d</size>
         <input_file_ref idref="fl-2"/>
      </object_component>
      <object_component id="oc-32e">
         <name>.debug_info</name>
         <load_address>0x375</load_address>
         <run_address>0x375</run_address>
         <size>0x114</size>
         <input_file_ref idref="fl-2"/>
      </object_component>
      <object_component id="oc-31b">
         <name>.debug_info</name>
         <load_address>0x489</load_address>
         <run_address>0x489</run_address>
         <size>0xfc</size>
         <input_file_ref idref="fl-2"/>
      </object_component>
      <object_component id="oc-30f">
         <name>.debug_info</name>
         <load_address>0x585</load_address>
         <run_address>0x585</run_address>
         <size>0xf8</size>
         <input_file_ref idref="fl-2"/>
      </object_component>
      <object_component id="oc-322">
         <name>.debug_info</name>
         <load_address>0x67d</load_address>
         <run_address>0x67d</run_address>
         <size>0xf7</size>
         <input_file_ref idref="fl-2"/>
      </object_component>
      <object_component id="oc-14d">
         <name>.debug_info</name>
         <load_address>0x774</load_address>
         <run_address>0x774</run_address>
         <size>0x84</size>
         <input_file_ref idref="fl-2"/>
      </object_component>
      <object_component id="oc-24c">
         <name>.debug_info</name>
         <load_address>0x7f8</load_address>
         <run_address>0x7f8</run_address>
         <size>0x18b</size>
         <input_file_ref idref="fl-2"/>
      </object_component>
      <object_component id="oc-16a">
         <name>.debug_info</name>
         <load_address>0x983</load_address>
         <run_address>0x983</run_address>
         <size>0x3fd</size>
         <input_file_ref idref="fl-3"/>
      </object_component>
      <object_component id="oc-105">
         <name>.debug_info</name>
         <load_address>0xd80</load_address>
         <run_address>0xd80</run_address>
         <size>0xfb</size>
         <input_file_ref idref="fl-3"/>
      </object_component>
      <object_component id="oc-2a5">
         <name>.debug_info</name>
         <load_address>0xe7b</load_address>
         <run_address>0xe7b</run_address>
         <size>0x372</size>
         <input_file_ref idref="fl-4"/>
      </object_component>
      <object_component id="oc-229">
         <name>.debug_info</name>
         <load_address>0x11ed</load_address>
         <run_address>0x11ed</run_address>
         <size>0x2ab</size>
         <input_file_ref idref="fl-4"/>
      </object_component>
      <object_component id="oc-29f">
         <name>.debug_info</name>
         <load_address>0x1498</load_address>
         <run_address>0x1498</run_address>
         <size>0x29e</size>
         <input_file_ref idref="fl-4"/>
      </object_component>
      <object_component id="oc-1c9">
         <name>.debug_info</name>
         <load_address>0x1736</load_address>
         <run_address>0x1736</run_address>
         <size>0x1f8</size>
         <input_file_ref idref="fl-4"/>
      </object_component>
      <object_component id="oc-2d3">
         <name>.debug_info</name>
         <load_address>0x192e</load_address>
         <run_address>0x192e</run_address>
         <size>0x31a</size>
         <input_file_ref idref="fl-4"/>
      </object_component>
      <object_component id="oc-1cf">
         <name>.debug_info</name>
         <load_address>0x1c48</load_address>
         <run_address>0x1c48</run_address>
         <size>0x4f9</size>
         <input_file_ref idref="fl-4"/>
      </object_component>
      <object_component id="oc-3cd">
         <name>.debug_info</name>
         <load_address>0x2141</load_address>
         <run_address>0x2141</run_address>
         <size>0x112</size>
         <input_file_ref idref="fl-4"/>
      </object_component>
      <object_component id="oc-2f8">
         <name>.debug_info</name>
         <load_address>0x2253</load_address>
         <run_address>0x2253</run_address>
         <size>0x110</size>
         <input_file_ref idref="fl-4"/>
      </object_component>
      <object_component id="oc-1d8">
         <name>.debug_info</name>
         <load_address>0x2363</load_address>
         <run_address>0x2363</run_address>
         <size>0x11f</size>
         <input_file_ref idref="fl-5"/>
      </object_component>
      <object_component id="oc-1d5">
         <name>.debug_info</name>
         <load_address>0x2482</load_address>
         <run_address>0x2482</run_address>
         <size>0x320</size>
         <input_file_ref idref="fl-7"/>
      </object_component>
      <object_component id="oc-204">
         <name>.debug_info</name>
         <load_address>0x27a2</load_address>
         <run_address>0x27a2</run_address>
         <size>0xbc</size>
         <input_file_ref idref="fl-7"/>
      </object_component>
      <object_component id="oc-23c">
         <name>.debug_info</name>
         <load_address>0x285e</load_address>
         <run_address>0x285e</run_address>
         <size>0xc8</size>
         <input_file_ref idref="fl-7"/>
      </object_component>
      <object_component id="oc-201">
         <name>.debug_info</name>
         <load_address>0x2926</load_address>
         <run_address>0x2926</run_address>
         <size>0x100</size>
         <input_file_ref idref="fl-7"/>
      </object_component>
      <object_component id="oc-1b3">
         <name>.debug_info</name>
         <load_address>0x2a26</load_address>
         <run_address>0x2a26</run_address>
         <size>0x101</size>
         <input_file_ref idref="fl-7"/>
      </object_component>
      <object_component id="oc-185">
         <name>.debug_info</name>
         <load_address>0x2b27</load_address>
         <run_address>0x2b27</run_address>
         <size>0x105</size>
         <input_file_ref idref="fl-7"/>
      </object_component>
      <object_component id="oc-1ad">
         <name>.debug_info</name>
         <load_address>0x2c2c</load_address>
         <run_address>0x2c2c</run_address>
         <size>0x111</size>
         <input_file_ref idref="fl-7"/>
      </object_component>
      <object_component id="oc-251">
         <name>.debug_info</name>
         <load_address>0x2d3d</load_address>
         <run_address>0x2d3d</run_address>
         <size>0xea</size>
         <input_file_ref idref="fl-7"/>
      </object_component>
      <object_component id="oc-1ec">
         <name>.debug_info</name>
         <load_address>0x2e27</load_address>
         <run_address>0x2e27</run_address>
         <size>0x9a</size>
         <input_file_ref idref="fl-7"/>
      </object_component>
      <object_component id="oc-1f1">
         <name>.debug_info</name>
         <load_address>0x2ec1</load_address>
         <run_address>0x2ec1</run_address>
         <size>0x5e</size>
         <input_file_ref idref="fl-7"/>
      </object_component>
      <object_component id="oc-1ba">
         <name>.debug_info</name>
         <load_address>0x2f1f</load_address>
         <run_address>0x2f1f</run_address>
         <size>0x6aa</size>
         <input_file_ref idref="fl-8"/>
      </object_component>
      <object_component id="oc-1a7">
         <name>.debug_info</name>
         <load_address>0x35c9</load_address>
         <run_address>0x35c9</run_address>
         <size>0x13f</size>
         <input_file_ref idref="fl-8"/>
      </object_component>
      <object_component id="oc-138">
         <name>.debug_info</name>
         <load_address>0x3708</load_address>
         <run_address>0x3708</run_address>
         <size>0x189</size>
         <input_file_ref idref="fl-8"/>
      </object_component>
      <object_component id="oc-ff">
         <name>.debug_info</name>
         <load_address>0x3891</load_address>
         <run_address>0x3891</run_address>
         <size>0xfc</size>
         <input_file_ref idref="fl-8"/>
      </object_component>
      <object_component id="oc-242">
         <name>.debug_info</name>
         <load_address>0x398d</load_address>
         <run_address>0x398d</run_address>
         <size>0x4b1</size>
         <input_file_ref idref="fl-8"/>
      </object_component>
      <object_component id="oc-247">
         <name>.debug_info</name>
         <load_address>0x3e3e</load_address>
         <run_address>0x3e3e</run_address>
         <size>0xb0</size>
         <input_file_ref idref="fl-8"/>
      </object_component>
      <object_component id="oc-1f7">
         <name>.debug_info</name>
         <load_address>0x3eee</load_address>
         <run_address>0x3eee</run_address>
         <size>0x19a</size>
         <input_file_ref idref="fl-9"/>
      </object_component>
      <object_component id="oc-1fa">
         <name>.debug_info</name>
         <load_address>0x4088</load_address>
         <run_address>0x4088</run_address>
         <size>0x122</size>
         <input_file_ref idref="fl-9"/>
      </object_component>
      <object_component id="oc-179">
         <name>.debug_info</name>
         <load_address>0x41aa</load_address>
         <run_address>0x41aa</run_address>
         <size>0x117</size>
         <input_file_ref idref="fl-9"/>
      </object_component>
      <object_component id="oc-335">
         <name>.debug_info</name>
         <load_address>0x42c1</load_address>
         <run_address>0x42c1</run_address>
         <size>0x13d</size>
         <input_file_ref idref="fl-9"/>
      </object_component>
      <object_component id="oc-173">
         <name>.debug_info</name>
         <load_address>0x43fe</load_address>
         <run_address>0x43fe</run_address>
         <size>0x114</size>
         <input_file_ref idref="fl-9"/>
      </object_component>
      <object_component id="oc-33c">
         <name>.debug_info</name>
         <load_address>0x4512</load_address>
         <run_address>0x4512</run_address>
         <size>0x2a7</size>
         <input_file_ref idref="fl-a"/>
      </object_component>
      <object_component id="oc-346">
         <name>.debug_info</name>
         <load_address>0x47b9</load_address>
         <run_address>0x47b9</run_address>
         <size>0xc1</size>
         <input_file_ref idref="fl-a"/>
      </object_component>
      <object_component id="oc-349">
         <name>.debug_info</name>
         <load_address>0x487a</load_address>
         <run_address>0x487a</run_address>
         <size>0xc2</size>
         <input_file_ref idref="fl-a"/>
      </object_component>
      <object_component id="oc-235">
         <name>.debug_info</name>
         <load_address>0x493c</load_address>
         <run_address>0x493c</run_address>
         <size>0x1ce</size>
         <input_file_ref idref="fl-a"/>
      </object_component>
      <object_component id="oc-383">
         <name>.debug_info</name>
         <load_address>0x4b0a</load_address>
         <run_address>0x4b0a</run_address>
         <size>0x70</size>
         <input_file_ref idref="fl-a"/>
      </object_component>
      <object_component id="oc-170">
         <name>.debug_info</name>
         <load_address>0x4b7a</load_address>
         <run_address>0x4b7a</run_address>
         <size>0x6b5</size>
         <input_file_ref idref="fl-b"/>
      </object_component>
      <object_component id="oc-22f">
         <name>.debug_info</name>
         <load_address>0x522f</load_address>
         <run_address>0x522f</run_address>
         <size>0x115</size>
         <input_file_ref idref="fl-b"/>
      </object_component>
      <object_component id="oc-17f">
         <name>.debug_info</name>
         <load_address>0x5344</load_address>
         <run_address>0x5344</run_address>
         <size>0x117</size>
         <input_file_ref idref="fl-b"/>
      </object_component>
      <object_component id="oc-10b">
         <name>.debug_info</name>
         <load_address>0x545b</load_address>
         <run_address>0x545b</run_address>
         <size>0x166</size>
         <input_file_ref idref="fl-b"/>
      </object_component>
      <object_component id="oc-388">
         <name>.debug_info</name>
         <load_address>0x55c1</load_address>
         <run_address>0x55c1</run_address>
         <size>0x3f5</size>
         <input_file_ref idref="fl-c"/>
      </object_component>
      <object_component id="oc-392">
         <name>.debug_info</name>
         <load_address>0x59b6</load_address>
         <run_address>0x59b6</run_address>
         <size>0xe8</size>
         <input_file_ref idref="fl-c"/>
      </object_component>
      <object_component id="oc-396">
         <name>.debug_info</name>
         <load_address>0x5a9e</load_address>
         <run_address>0x5a9e</run_address>
         <size>0x104</size>
         <input_file_ref idref="fl-c"/>
      </object_component>
      <object_component id="oc-3a8">
         <name>.debug_info</name>
         <load_address>0x5ba2</load_address>
         <run_address>0x5ba2</run_address>
         <size>0x108</size>
         <input_file_ref idref="fl-c"/>
      </object_component>
      <object_component id="oc-458">
         <name>.debug_info</name>
         <load_address>0x5caa</load_address>
         <run_address>0x5caa</run_address>
         <size>0x135</size>
         <input_file_ref idref="fl-c"/>
      </object_component>
      <object_component id="oc-3ae">
         <name>.debug_info</name>
         <load_address>0x5ddf</load_address>
         <run_address>0x5ddf</run_address>
         <size>0x136</size>
         <input_file_ref idref="fl-c"/>
      </object_component>
      <object_component id="oc-4ae">
         <name>.debug_info</name>
         <load_address>0x5f15</load_address>
         <run_address>0x5f15</run_address>
         <size>0x139</size>
         <input_file_ref idref="fl-c"/>
      </object_component>
      <object_component id="oc-452">
         <name>.debug_info</name>
         <load_address>0x604e</load_address>
         <run_address>0x604e</run_address>
         <size>0x13d</size>
         <input_file_ref idref="fl-c"/>
      </object_component>
      <object_component id="oc-4bb">
         <name>.debug_info</name>
         <load_address>0x618b</load_address>
         <run_address>0x618b</run_address>
         <size>0x151</size>
         <input_file_ref idref="fl-c"/>
      </object_component>
      <object_component id="oc-470">
         <name>.debug_info</name>
         <load_address>0x62dc</load_address>
         <run_address>0x62dc</run_address>
         <size>0x127</size>
         <input_file_ref idref="fl-c"/>
      </object_component>
      <object_component id="oc-4c2">
         <name>.debug_info</name>
         <load_address>0x6403</load_address>
         <run_address>0x6403</run_address>
         <size>0x112</size>
         <input_file_ref idref="fl-c"/>
      </object_component>
      <object_component id="oc-46a">
         <name>.debug_info</name>
         <load_address>0x6515</load_address>
         <run_address>0x6515</run_address>
         <size>0x10a</size>
         <input_file_ref idref="fl-c"/>
      </object_component>
      <object_component id="oc-464">
         <name>.debug_info</name>
         <load_address>0x661f</load_address>
         <run_address>0x661f</run_address>
         <size>0x10e</size>
         <input_file_ref idref="fl-c"/>
      </object_component>
      <object_component id="oc-43e">
         <name>.debug_info</name>
         <load_address>0x672d</load_address>
         <run_address>0x672d</run_address>
         <size>0x1ba</size>
         <input_file_ref idref="fl-c"/>
      </object_component>
      <object_component id="oc-3a2">
         <name>.debug_info</name>
         <load_address>0x68e7</load_address>
         <run_address>0x68e7</run_address>
         <size>0x1ea</size>
         <input_file_ref idref="fl-c"/>
      </object_component>
      <object_component id="oc-39c">
         <name>.debug_info</name>
         <load_address>0x6ad1</load_address>
         <run_address>0x6ad1</run_address>
         <size>0x20e</size>
         <input_file_ref idref="fl-c"/>
      </object_component>
      <object_component id="oc-444">
         <name>.debug_info</name>
         <load_address>0x6cdf</load_address>
         <run_address>0x6cdf</run_address>
         <size>0x187</size>
         <input_file_ref idref="fl-c"/>
      </object_component>
      <object_component id="oc-47f">
         <name>.debug_info</name>
         <load_address>0x6e66</load_address>
         <run_address>0x6e66</run_address>
         <size>0x2a4</size>
         <input_file_ref idref="fl-c"/>
      </object_component>
      <object_component id="oc-38b">
         <name>.debug_info</name>
         <load_address>0x710a</load_address>
         <run_address>0x710a</run_address>
         <size>0x134</size>
         <input_file_ref idref="fl-c"/>
      </object_component>
      <object_component id="oc-375">
         <name>.debug_info</name>
         <load_address>0x723e</load_address>
         <run_address>0x723e</run_address>
         <size>0x247</size>
[...]
         <value>0x12c16</value>
         <object_component_ref idref="oc-22e"/>
      </symbol>
      <symbol id="sm-545">
         <name>putChar</name>
         <value>0x1349a</value>
         <object_component_ref idref="oc-17e"/>
      </symbol>
      <symbol id="sm-654">
         <name>get_fattime</name>
         <value>0x13af6</value>
         <object_component_ref idref="oc-291"/>
      </symbol>
      <symbol id="sm-655">
         <name>disk_status</name>
         <value>0x13adc</value>
         <object_component_ref idref="oc-38a"/>
      </symbol>
      <symbol id="sm-656">
         <name>disk_read</name>
         <value>0x12a6a</value>
         <object_component_ref idref="oc-374"/>
      </symbol>
      <symbol id="sm-657">
         <name>disk_initialize</name>
         <value>0x1184a</value>
         <object_component_ref idref="oc-47e"/>
      </symbol>
      <symbol id="sm-658">
         <name>disk_ioctl</name>
         <value>0x11370</value>
         <object_component_ref idref="oc-3c3"/>
      </symbol>
      <symbol id="sm-659">
         <name>disk_write</name>
         <value>0x12416</value>
         <object_component_ref idref="oc-27f"/>
      </symbol>
      <symbol id="sm-8c8">
         <name>f_sync</name>
         <value>0x124e8</value>
         <object_component_ref idref="oc-1c2"/>
      </symbol>
      <symbol id="sm-8c9">
         <name>f_printf</name>
         <value>0x104f4</value>
         <object_component_ref idref="oc-1bc"/>
      </symbol>
      <symbol id="sm-8ca">
         <name>clust2sect</name>
         <value>0x135e6</value>
         <object_component_ref idref="oc-36e"/>
      </symbol>
      <symbol id="sm-8cb">
         <name>put_fat</name>
         <value>0x116ba</value>
         <object_component_ref idref="oc-435"/>
      </symbol>
      <symbol id="sm-8cc">
         <name>f_write</name>
         <value>0x10d2e</value>
         <object_component_ref idref="oc-266"/>
      </symbol>
      <symbol id="sm-8cd">
         <name>f_open</name>
         <value>0x10fc2</value>
         <object_component_ref idref="oc-356"/>
      </symbol>
      <symbol id="sm-8ce">
         <name>f_lseek</name>
         <value>0x107f8</value>
         <object_component_ref idref="oc-35c"/>
      </symbol>
      <symbol id="sm-8cf">
         <name>f_stat</name>
         <value>0x12fee</value>
         <object_component_ref idref="oc-350"/>
      </symbol>
      <symbol id="sm-8d0">
         <name>f_mount</name>
         <value>0x12da8</value>
         <object_component_ref idref="oc-33f"/>
      </symbol>
      <symbol id="sm-8d1">
         <name>get_fat</name>
         <value>0x11cc2</value>
         <object_component_ref idref="oc-42e"/>
      </symbol>
      <symbol id="sm-8e7">
         <name>__TI_decompress_none</name>
         <value>0x13a74</value>
         <object_component_ref idref="oc-71"/>
      </symbol>
      <symbol id="sm-909">
         <name>__TI_decompress_rle24</name>
         <value>0x13b1e</value>
         <object_component_ref idref="oc-77"/>
      </symbol>
      <symbol id="sm-90c">
         <name>__TI_int30</name>
         <value>0xffcc</value>
         <object_component_ref idref="oc-7d"/>
      </symbol>
      <symbol id="sm-914">
         <name>__TI_ISR_TRAP</name>
         <value>0x4924</value>
         <object_component_ref idref="oc-f9"/>
      </symbol>
      <symbol id="sm-917">
         <name>__TI_int31</name>
         <value>0xffce</value>
         <object_component_ref idref="oc-7e"/>
      </symbol>
      <symbol id="sm-91a">
         <name>__TI_int32</name>
         <value>0xffd0</value>
         <object_component_ref idref="oc-7f"/>
      </symbol>
      <symbol id="sm-91d">
         <name>__TI_int33</name>
         <value>0xffd2</value>
         <object_component_ref idref="oc-80"/>
      </symbol>
      <symbol id="sm-920">
         <name>__TI_int34</name>
         <value>0xffd4</value>
         <object_component_ref idref="oc-81"/>
      </symbol>
      <symbol id="sm-923">
         <name>__TI_int35</name>
         <value>0xffd6</value>
         <object_component_ref idref="oc-82"/>
      </symbol>
      <symbol id="sm-926">
         <name>__TI_int36</name>
         <value>0xffd8</value>
         <object_component_ref idref="oc-83"/>
      </symbol>
      <symbol id="sm-929">
         <name>__TI_int37</name>
         <value>0xffda</value>
         <object_component_ref idref="oc-84"/>
      </symbol>
      <symbol id="sm-92c">
         <name>__TI_int38</name>
         <value>0xffdc</value>
         <object_component_ref idref="oc-85"/>
      </symbol>
      <symbol id="sm-92f">
         <name>__TI_int39</name>
         <value>0xffde</value>
         <object_component_ref idref="oc-86"/>
      </symbol>
      <symbol id="sm-932">
         <name>__TI_int40</name>
         <value>0xffe0</value>
         <object_component_ref idref="oc-87"/>
      </symbol>
      <symbol id="sm-935">
         <name>__TI_int42</name>
         <value>0xffe4</value>
         <object_component_ref idref="oc-89"/>
      </symbol>
      <symbol id="sm-938">
         <name>__TI_int43</name>
         <value>0xffe6</value>
         <object_component_ref idref="oc-8a"/>
      </symbol>
      <symbol id="sm-93b">
         <name>__TI_int44</name>
         <value>0xffe8</value>
         <object_component_ref idref="oc-8b"/>
      </symbol>
      <symbol id="sm-93e">
         <name>__TI_int45</name>
         <value>0xffea</value>
         <object_component_ref idref="oc-8c"/>
      </symbol>
      <symbol id="sm-941">
         <name>__TI_int46</name>
         <value>0xffec</value>
         <object_component_ref idref="oc-8d"/>
      </symbol>
      <symbol id="sm-944">
         <name>__TI_int49</name>
         <value>0xfff2</value>
         <object_component_ref idref="oc-90"/>
      </symbol>
      <symbol id="sm-947">
         <name>__TI_int50</name>
         <value>0xfff4</value>
         <object_component_ref idref="oc-91"/>
      </symbol>
      <symbol id="sm-94a">
         <name>__TI_int51</name>
         <value>0xfff6</value>
         <object_component_ref idref="oc-92"/>
      </symbol>
      <symbol id="sm-94d">
         <name>__TI_int52</name>
         <value>0xfff8</value>
         <object_component_ref idref="oc-93"/>
      </symbol>
      <symbol id="sm-950">
         <name>__TI_int53</name>
         <value>0xfffa</value>
         <object_component_ref idref="oc-94"/>
      </symbol>
      <symbol id="sm-953">
         <name>__TI_int54</name>
         <value>0xfffc</value>
         <object_component_ref idref="oc-95"/>
      </symbol>
      <symbol id="sm-966">
         <name>__TI_zero_init</name>
         <value>0x1393e</value>
         <object_component_ref idref="oc-96"/>
      </symbol>
      <symbol id="sm-98b">
         <name>__mspabi_subf</name>
         <value>0x11e0a</value>
         <object_component_ref idref="oc-2bc"/>
      </symbol>
      <symbol id="sm-98c">
         <name>__mspabi_addf</name>
         <value>0x11e10</value>
         <object_component_ref idref="oc-2bc"/>
      </symbol>
      <symbol id="sm-9ac">
         <name>__mspabi_divf</name>
         <value>0x12b00</value>
         <object_component_ref idref="oc-2c6"/>
      </symbol>
      <symbol id="sm-9b8">
         <name>__mspabi_remi</name>
         <value>0x138ec</value>
         <object_component_ref idref="oc-34b"/>
      </symbol>
      <symbol id="sm-9b9">
         <name>__mspabi_divi</name>
         <value>0x138ec</value>
         <object_component_ref idref="oc-34b"/>
      </symbol>
      <symbol id="sm-9c6">
         <name>__mspabi_remli</name>
         <value>0x135a6</value>
         <object_component_ref idref="oc-2ad"/>
      </symbol>
      <symbol id="sm-9c7">
         <name>__mspabi_divli</name>
         <value>0x135a6</value>
         <object_component_ref idref="oc-2ad"/>
      </symbol>
      <symbol id="sm-9d1">
         <name>__mspabi_remu</name>
         <value>0x13a0a</value>
         <object_component_ref idref="oc-408"/>
      </symbol>
      <symbol id="sm-9d2">
         <name>__mspabi_divu</name>
         <value>0x13a0a</value>
         <object_component_ref idref="oc-408"/>
      </symbol>
      <symbol id="sm-9e1">
         <name>__mspabi_remul</name>
         <value>0x131d0</value>
         <object_component_ref idref="oc-25c"/>
      </symbol>
      <symbol id="sm-9e2">
         <name>__mspabi_divul</name>
         <value>0x131d0</value>
         <object_component_ref idref="oc-25c"/>
      </symbol>
      <symbol id="sm-9fc">
         <name>__mspabi_fixfli</name>
         <value>0x12e26</value>
         <object_component_ref idref="oc-2cc"/>
      </symbol>
      <symbol id="sm-a12">
         <name>__mspabi_fltlif</name>
         <value>0x13406</value>
         <object_component_ref idref="oc-2b7"/>
      </symbol>
      <symbol id="sm-a38">
         <name>__mspabi_mpyf</name>
         <value>0x1272c</value>
         <object_component_ref idref="oc-2c1"/>
      </symbol>
      <symbol id="sm-a46">
         <name>__mspabi_mpyi_f5hw</name>
         <value>0x13a20</value>
         <object_component_ref idref="oc-261"/>
      </symbol>
      <symbol id="sm-a59">
         <name>__mspabi_mpyl_f5hw</name>
         <value>0x13962</value>
         <object_component_ref idref="oc-2a8"/>
      </symbol>
      <symbol id="sm-a8d">
         <name>__mspabi_slll_9</name>
         <value>0x1367a</value>
         <object_component_ref idref="oc-2b2"/>
      </symbol>
      <symbol id="sm-a8e">
         <name>__mspabi_slll_8</name>
         <value>0x1367e</value>
         <object_component_ref idref="oc-2b2"/>
      </symbol>
      <symbol id="sm-a8f">
         <name>__mspabi_slll_7</name>
         <value>0x13682</value>
         <object_component_ref idref="oc-2b2"/>
      </symbol>
      <symbol id="sm-a90">
         <name>__mspabi_slll_6</name>
         <value>0x13686</value>
         <object_component_ref idref="oc-2b2"/>
      </symbol>
      <symbol id="sm-a91">
         <name>__mspabi_slll_5</name>
         <value>0x1368a</value>
         <object_component_ref idref="oc-2b2"/>
      </symbol>
      <symbol id="sm-a92">
         <name>__mspabi_slll_4</name>
         <value>0x1368e</value>
         <object_component_ref idref="oc-2b2"/>
      </symbol>
      <symbol id="sm-a93">
         <name>__mspabi_slll_3</name>
         <value>0x13692</value>
         <object_component_ref idref="oc-2b2"/>
      </symbol>
      <symbol id="sm-a94">
         <name>__mspabi_slll_2</name>
         <value>0x13696</value>
         <object_component_ref idref="oc-2b2"/>
      </symbol>
      <symbol id="sm-a95">
         <name>__mspabi_slll_1</name>
         <value>0x1369a</value>
         <object_component_ref idref="oc-2b2"/>
      </symbol>
      <symbol id="sm-a96">
         <name>__mspabi_slll</name>
         <value>0x13acc</value>
         <object_component_ref idref="oc-2e2"/>
      </symbol>
      <symbol id="sm-a97">
         <name>__mspabi_slll_15</name>
         <value>0x13662</value>
         <object_component_ref idref="oc-2b2"/>
      </symbol>
      <symbol id="sm-a98">
         <name>__mspabi_slll_14</name>
         <value>0x13666</value>
         <object_component_ref idref="oc-2b2"/>
      </symbol>
      <symbol id="sm-a99">
         <name>__mspabi_slll_13</name>
         <value>0x1366a</value>
         <object_component_ref idref="oc-2b2"/>
      </symbol>
      <symbol id="sm-a9a">
         <name>__mspabi_slll_12</name>
         <value>0x1366e</value>
         <object_component_ref idref="oc-2b2"/>
      </symbol>
      <symbol id="sm-a9b">
         <name>__mspabi_slll_11</name>
         <value>0x13672</value>
         <object_component_ref idref="oc-2b2"/>
      </symbol>
      <symbol id="sm-a9c">
         <name>__mspabi_slll_10</name>
         <value>0x13676</value>
         <object_component_ref idref="oc-2b2"/>
      </symbol>
      <symbol id="sm-aac">
         <name>__mspabi_sral</name>
         <value>0x13abc</value>
         <object_component_ref idref="oc-2d8"/>
      </symbol>
      <symbol id="sm-aad">
         <name>__mspabi_sral_15</name>
         <value>0x13624</value>
         <object_component_ref idref="oc-2dd"/>
      </symbol>
      <symbol id="sm-aae">
         <name>__mspabi_sral_14</name>
         <value>0x13628</value>
         <object_component_ref idref="oc-2dd"/>
      </symbol>
      <symbol id="sm-aaf">
         <name>__mspabi_sral_13</name>
         <value>0x1362c</value>
         <object_component_ref idref="oc-2dd"/>
      </symbol>
      <symbol id="sm-ab0">
         <name>__mspabi_sral_12</name>
         <value>0x13630</value>
         <object_component_ref idref="oc-2dd"/>
      </symbol>
      <symbol id="sm-ab1">
         <name>__mspabi_sral_11</name>
         <value>0x13634</value>
         <object_component_ref idref="oc-2dd"/>
      </symbol>
      <symbol id="sm-ab2">
         <name>__mspabi_sral_10</name>
         <value>0x13638</value>
         <object_component_ref idref="oc-2dd"/>
      </symbol>
      <symbol id="sm-ab3">
         <name>__mspabi_sral_8</name>
         <value>0x13640</value>
         <object_component_ref idref="oc-2dd"/>
      </symbol>
      <symbol id="sm-ab4">
         <name>__mspabi_sral_9</name>
         <value>0x1363c</value>
         <object_component_ref idref="oc-2dd"/>
      </symbol>
      <symbol id="sm-ab5">
         <name>__mspabi_sral_6</name>
         <value>0x13648</value>
         <object_component_ref idref="oc-2dd"/>
      </symbol>
      <symbol id="sm-ab6">
         <name>__mspabi_sral_7</name>
         <value>0x13644</value>
         <object_component_ref idref="oc-2dd"/>
      </symbol>
      <symbol id="sm-ab7">
         <name>__mspabi_sral_4</name>
         <value>0x13650</value>
         <object_component_ref idref="oc-2dd"/>
      </symbol>
      <symbol id="sm-ab8">
         <name>__mspabi_sral_5</name>
         <value>0x1364c</value>
         <object_component_ref idref="oc-2dd"/>
      </symbol>
      <symbol id="sm-ab9">
         <name>__mspabi_sral_2</name>
         <value>0x13658</value>
         <object_component_ref idref="oc-2dd"/>
      </symbol>
      <symbol id="sm-aba">
         <name>__mspabi_sral_3</name>
         <value>0x13654</value>
         <object_component_ref idref="oc-2dd"/>
      </symbol>
      <symbol id="sm-abb">
         <name>__mspabi_sral_1</name>
         <value>0x1365c</value>
         <object_component_ref idref="oc-2dd"/>
      </symbol>
      <symbol id="sm-ac3">
         <name>__mspabi_srll_8</name>
         <value>0x136bc</value>
         <object_component_ref idref="oc-2e7"/>
      </symbol>
      <symbol id="sm-ac4">
         <name>__mspabi_srll_9</name>
         <value>0x136b8</value>
         <object_component_ref idref="oc-2e7"/>
      </symbol>
      <symbol id="sm-ac5">
         <name>__mspabi_srll_6</name>
         <value>0x136c4</value>
         <object_component_ref idref="oc-2e7"/>
      </symbol>
      <symbol id="sm-ac6">
         <name>__mspabi_srll_7</name>
         <value>0x136c0</value>
         <object_component_ref idref="oc-2e7"/>
      </symbol>
      <symbol id="sm-ac7">
         <name>__mspabi_srll_4</name>
         <value>0x136cc</value>
         <object_component_ref idref="oc-2e7"/>
      </symbol>
      <symbol id="sm-ac8">
         <name>__mspabi_srll_5</name>
         <value>0x136c8</value>
         <object_component_ref idref="oc-2e7"/>
      </symbol>
      <symbol id="sm-ac9">
         <name>__mspabi_srll_2</name>
         <value>0x136d4</value>
         <object_component_ref idref="oc-2e7"/>
      </symbol>
      <symbol id="sm-aca">
         <name>__mspabi_srll_3</name>
         <value>0x136d0</value>
         <object_component_ref idref="oc-2e7"/>
      </symbol>
      <symbol id="sm-acb">
         <name>__mspabi_srll_1</name>
         <value>0x136d8</value>
         <object_component_ref idref="oc-2e7"/>
      </symbol>
      <symbol id="sm-acc">
         <name>__mspabi_srll_15</name>
         <value>0x136a0</value>
         <object_component_ref idref="oc-2e7"/>
      </symbol>
      <symbol id="sm-acd">
         <name>__mspabi_srll_14</name>
         <value>0x136a4</value>
         <object_component_ref idref="oc-2e7"/>
      </symbol>
      <symbol id="sm-ace">
         <name>__mspabi_srll_13</name>
         <value>0x136a8</value>
         <object_component_ref idref="oc-2e7"/>
      </symbol>
      <symbol id="sm-acf">
         <name>__mspabi_srll_12</name>
         <value>0x136ac</value>
         <object_component_ref idref="oc-2e7"/>
      </symbol>
      <symbol id="sm-ad0">
         <name>__mspabi_srll_11</name>
         <value>0x136b0</value>
         <object_component_ref idref="oc-2e7"/>
      </symbol>
      <symbol id="sm-ad1">
         <name>__mspabi_srll_10</name>
         <value>0x136b4</value>
         <object_component_ref idref="oc-2e7"/>
      </symbol>
      <symbol id="sm-ada">
         <name>_stack</name>
         <value>0x2360</value>
         <object_component_ref idref="oc-d8"/>
      </symbol>
      <symbol id="sm-adb">
         <name>_reset_vector</name>
         <value>0xfffe</value>
         <object_component_ref idref="oc-db"/>
      </symbol>
      <symbol id="sm-af9">
         <name>_auto_init_hold_wdt</name>
         <value>0x12f1a</value>
         <object_component_ref idref="oc-11d"/>
      </symbol>
      <symbol id="sm-b04">
         <name>_c_int00_noargs_noexit</name>
         <value>0x48fe</value>
         <object_component_ref idref="oc-b4"/>
      </symbol>
      <symbol id="sm-b0e">
         <name>_system_pre_init</name>
         <value>0x13b30</value>
         <object_component_ref idref="oc-117"/>
      </symbol>
      <symbol id="sm-b19">
         <name>C$$EXIT</name>
         <value>0x13b34</value>
         <object_component_ref idref="oc-13f"/>
      </symbol>
      <symbol id="sm-b1a">
         <name>abort</name>
         <value>0x13b34</value>
         <object_component_ref idref="oc-13f"/>
      </symbol>
      <symbol id="sm-b30">
         <name>_nop</name>
         <value>0x13b38</value>
         <object_component_ref idref="oc-216"/>
      </symbol>
      <symbol id="sm-b31">
         <name>_lock</name>
         <value>0x2134</value>
         <object_component_ref idref="oc-197"/>
      </symbol>
      <symbol id="sm-b32">
         <name>_unlock</name>
         <value>0x2138</value>
         <object_component_ref idref="oc-1a0"/>
      </symbol>
      <symbol id="sm-b72">
         <name>_sys_memory</name>
         <value>0x4400</value>
         <object_component_ref idref="oc-dc"/>
      </symbol>
      <symbol id="sm-b73">
         <name>malloc</name>
         <value>0x12672</value>
         <object_component_ref idref="oc-307"/>
      </symbol>
      <symbol id="sm-b74">
         <name>minit</name>
         <value>0x13564</value>
         <object_component_ref idref="oc-3e2"/>
      </symbol>
      <symbol id="sm-b82">
         <name>memcpy</name>
         <value>0x13a60</value>
         <object_component_ref idref="oc-df"/>
      </symbol>
      <symbol id="sm-b87">
         <name>__TI_INITARRAY_Base</name>
         <value>0x0</value>
      </symbol>
      <symbol id="sm-b88">
         <name>__TI_INITARRAY_Limit</name>
         <value>0x0</value>
      </symbol>
   </symbol_table>
   <title>Link successful</title>
</link_info>
